../Core/Src/bmp280.c:5:19:BMP280_ReleaseSemaphore	8	static
../Core/Src/bmp280.c:10:19:BMP280_Transmit	32	static
../Core/Src/bmp280.c:21:19:BMP280_Receive	32	static
../Core/Src/bmp280.c:32:19:BMP280_MemRead	40	static
../Core/Src/bmp280.c:43:19:BMP280_MemWrite	40	static
../Core/Src/bmp280.c:54:19:BMP280_Setup	8	static
../Core/Src/bmp280.c:63:19:BMP280_Reset	16	static
../Core/Src/bmp280.c:70:19:BMP280_ReadID	16	static
../Core/Src/bmp280.c:79:19:BMP280_ReadCalibration	40	static
../Core/Src/bmp280.c:99:19:BMP280_Configure	32	static
../Core/Src/bmp280.c:124:19:BMP280_Init	16	static
../Core/Src/bmp280.c:140:19:BMP280_ReadTemperature	16	static
../Core/Src/bmp280.c:149:19:BMP280_ReadPressure	16	static
../Core/Src/bmp280.c:157:19:BMP280_ReadAll	16	static
../Core/Src/bmp280.c:167:19:BMP280_CompensateTemperature	16	static
../Core/Src/bmp280.c:178:19:BMP280_CompensatePressure	184	static
../Core/Src/bmp280.c:202:19:BMP280_ReadData	8	static
