../Core/Network/net_socket.c:24:10:NetSocket_Init	24	static
../Core/Network/net_socket.c:56:10:NetSocket_Deinit	16	static
../Core/Network/net_socket.c:79:14:NetSocket_Create	24	static
../Core/Network/net_socket.c:106:10:NetSocket_Destroy	16	static
../Core/Network/net_socket.c:132:10:NetSocket_Bind	32	static
../Core/Network/net_socket.c:176:10:NetSocket_Listen	16	static
../Core/Network/net_socket.c:202:10:NetSocket_Connect	32	static
../Core/Network/net_socket.c:237:10:NetSocket_Close	16	static
../Core/Network/net_socket.c:257:9:NetSocket_Send	24	static
../Core/Network/net_socket.c:280:9:NetSocket_Recv	56	static
../Core/Network/net_socket.c:313:9:NetSocket_SendTo	32	static
../Core/Network/net_socket.c:350:9:NetSocket_RecvFrom	72	static
../Core/Network/net_socket.c:398:18:NetSocket_GetState	16	static
../Core/Network/net_socket.c:406:6:NetSocket_IsConnected	16	static
../Core/Network/net_socket.c:414:10:NetSocket_GetLocalPort	16	static
../Core/Network/net_socket.c:422:10:NetSocket_GetRemoteAddr	16	static
../Core/Network/net_socket.c:432:10:NetSocket_GetAvailable	32	static
../Core/Network/net_socket.c:451:10:NetSocket_SetRxCallback	24	static
../Core/Network/net_socket.c:470:6:NetSocket_ProcessAll	32	static
../Core/Network/net_socket.c:538:14:NetSocket_GetByIndex	16	static
../Core/Network/net_socket.c:546:9:NetSocket_GetCount	16	static
