../Drivers/CMSIS/Include/core_cm0plus.h:985:34:__NVIC_SystemReset	8	static,ignoring_inline_asm
../Core/Network/Services/telnet_service.c:35:13:ParseCommand	32	static
../Core/Network/Services/telnet_service.c:57:13:SendPrompt	24	static
../Core/Network/Services/telnet_service.c:67:13:DefaultCommandHandler	224	static
../Core/Network/Services/telnet_service.c:133:13:Telnet_RxCallback	664	static
../Core/Network/Services/telnet_service.c:229:17:Telnet_ServiceInit	24	static
../Core/Network/Services/telnet_service.c:240:13:Telnet_ServiceTask	32	static
../Core/Network/Services/telnet_service.c:289:13:Telnet_ServiceDeinit	24	static
../Core/Network/Services/telnet_service.c:297:13:Telnet_ServiceEventHandler	24	static
../Core/Network/Services/telnet_service.c:325:10:Telnet_Init	24	static
../Core/Network/Services/telnet_service.c:353:10:Telnet_Start	16	static
../Core/Network/Services/telnet_service.c:364:10:Telnet_Stop	16	static
../Core/Network/Services/telnet_service.c:379:10:Telnet_Send	24	static
../Core/Network/Services/telnet_service.c:395:10:Telnet_Printf	540	static
../Core/Network/Services/telnet_service.c:412:6:Telnet_IsConnected	16	static
../Core/Network/Services/telnet_service.c:419:10:Telnet_Disconnect	16	static
../Core/Network/Services/telnet_service.c:436:15:Telnet_GetService	16	static
../Core/Network/Services/telnet_service.c:440:6:Telnet_RegisterDefaultCommands	8	static
