../Core/Network/Driver/W5500/w5500_hw.c:21:26:WaitSocketOpen	40	static
../Core/Network/Driver/W5500/w5500_hw.c:47:19:W5500_HW_Init	88	static
../Core/Network/Driver/W5500/w5500_hw.c:151:19:W5500_HW_Reset	16	static
../Core/Network/Driver/W5500/w5500_hw.c:166:19:W5500_HW_SoftReset	16	static
../Core/Network/Driver/W5500/w5500_hw.c:174:6:W5500_HW_GenerateMAC	40	static
../Core/Network/Driver/W5500/w5500_hw.c:193:19:W5500_HW_SetMAC	16	static
../Core/Network/Driver/W5500/w5500_hw.c:198:19:W5500_HW_GetMAC	16	static
../Core/Network/Driver/W5500/w5500_hw.c:202:19:W5500_HW_SetIP	16	static
../Core/Network/Driver/W5500/w5500_hw.c:207:19:W5500_HW_GetIP	16	static
../Core/Network/Driver/W5500/w5500_hw.c:211:19:W5500_HW_SetSubnet	16	static
../Core/Network/Driver/W5500/w5500_hw.c:216:19:W5500_HW_GetSubnet	16	static
../Core/Network/Driver/W5500/w5500_hw.c:220:19:W5500_HW_SetGateway	16	static
../Core/Network/Driver/W5500/w5500_hw.c:225:19:W5500_HW_GetGateway	16	static
../Core/Network/Driver/W5500/w5500_hw.c:233:19:W5500_HW_GetLinkStatus	40	static
../Core/Network/Driver/W5500/w5500_hw.c:245:19:W5500_HW_ConfigurePHY	16	static
../Core/Network/Driver/W5500/w5500_hw.c:253:9:W5500_HW_SocketOpen	48	static
../Core/Network/Driver/W5500/w5500_hw.c:315:19:W5500_HW_SocketClose	32	static
../Core/Network/Driver/W5500/w5500_hw.c:335:19:W5500_HW_SocketGetStatus	24	static
../Core/Network/Driver/W5500/w5500_hw.c:347:19:W5500_HW_SocketCommand	16	static
../Core/Network/Driver/W5500/w5500_hw.c:363:19:W5500_HW_SocketListen	16	static
../Core/Network/Driver/W5500/w5500_hw.c:367:19:W5500_HW_SocketConnect	48	static
../Core/Network/Driver/W5500/w5500_hw.c:384:19:W5500_HW_SocketDisconnect	16	static
../Core/Network/Driver/W5500/w5500_hw.c:392:19:W5500_HW_SocketSend	64	static
../Core/Network/Driver/W5500/w5500_hw.c:440:19:W5500_HW_SocketRecv	64	static
../Core/Network/Driver/W5500/w5500_hw.c:490:19:W5500_HW_SocketGetRxSize	56	static
../Core/Network/Driver/W5500/w5500_hw.c:515:19:W5500_HW_SocketGetTxFree	56	static
../Core/Network/Driver/W5500/w5500_hw.c:544:19:W5500_HW_SocketSetDest	48	static
../Core/Network/Driver/W5500/w5500_hw.c:560:19:W5500_HW_SocketRecvFrom	72	static
../Core/Network/Driver/W5500/w5500_hw.c:632:19:W5500_HW_SocketGetIR	24	static
../Core/Network/Driver/W5500/w5500_hw.c:644:19:W5500_HW_SocketClearIR	16	static
../Core/Network/Driver/W5500/w5500_hw.c:656:19:W5500_HW_GetCommonIR	16	static
../Core/Network/Driver/W5500/w5500_hw.c:660:19:W5500_HW_ClearCommonIR	16	static
../Core/Network/Driver/W5500/w5500_hw.c:664:19:W5500_HW_GetSocketIR	16	static
