Archive member included to satisfy reference by file (symbol)

C:/ST/STM32CubeIDE_2.0.0/STM32CubeIDE/plugins/com.st.stm32cube.ide.mcu.externaltools.gnu-tools-for-stm32.13.3.rel1.win32_1.0.100.202509120712/tools/bin/../lib/gcc/arm-none-eabi/13.3.1/../../../../arm-none-eabi/lib/thumb/v6-m/nofp\libc_nano.a(libc_a-exit.o)
                              C:/ST/STM32CubeIDE_2.0.0/STM32CubeIDE/plugins/com.st.stm32cube.ide.mcu.externaltools.gnu-tools-for-stm32.13.3.rel1.win32_1.0.100.202509120712/tools/bin/../lib/gcc/arm-none-eabi/13.3.1/../../../../arm-none-eabi/lib/thumb/v6-m/nofp/crt0.o (exit)
C:/ST/STM32CubeIDE_2.0.0/STM32CubeIDE/plugins/com.st.stm32cube.ide.mcu.externaltools.gnu-tools-for-stm32.13.3.rel1.win32_1.0.100.202509120712/tools/bin/../lib/gcc/arm-none-eabi/13.3.1/../../../../arm-none-eabi/lib/thumb/v6-m/nofp\libc_nano.a(libc_a-findfp.o)
                              ./Middlewares/Third_Party/FreeRTOS/Source/tasks.o (__sf)
C:/ST/STM32CubeIDE_2.0.0/STM32CubeIDE/plugins/com.st.stm32cube.ide.mcu.externaltools.gnu-tools-for-stm32.13.3.rel1.win32_1.0.100.202509120712/tools/bin/../lib/gcc/arm-none-eabi/13.3.1/../../../../arm-none-eabi/lib/thumb/v6-m/nofp\libc_nano.a(libc_a-fwalk.o)
                              C:/ST/STM32CubeIDE_2.0.0/STM32CubeIDE/plugins/com.st.stm32cube.ide.mcu.externaltools.gnu-tools-for-stm32.13.3.rel1.win32_1.0.100.202509120712/tools/bin/../lib/gcc/arm-none-eabi/13.3.1/../../../../arm-none-eabi/lib/thumb/v6-m/nofp\libc_nano.a(libc_a-findfp.o) (_fwalk_sglue)
C:/ST/STM32CubeIDE_2.0.0/STM32CubeIDE/plugins/com.st.stm32cube.ide.mcu.externaltools.gnu-tools-for-stm32.13.3.rel1.win32_1.0.100.202509120712/tools/bin/../lib/gcc/arm-none-eabi/13.3.1/../../../../arm-none-eabi/lib/thumb/v6-m/nofp\libc_nano.a(libc_a-stdio.o)
                              C:/ST/STM32CubeIDE_2.0.0/STM32CubeIDE/plugins/com.st.stm32cube.ide.mcu.externaltools.gnu-tools-for-stm32.13.3.rel1.win32_1.0.100.202509120712/tools/bin/../lib/gcc/arm-none-eabi/13.3.1/../../../../arm-none-eabi/lib/thumb/v6-m/nofp\libc_nano.a(libc_a-findfp.o) (__sread)
C:/ST/STM32CubeIDE_2.0.0/STM32CubeIDE/plugins/com.st.stm32cube.ide.mcu.externaltools.gnu-tools-for-stm32.13.3.rel1.win32_1.0.100.202509120712/tools/bin/../lib/gcc/arm-none-eabi/13.3.1/../../../../arm-none-eabi/lib/thumb/v6-m/nofp\libc_nano.a(libc_a-memset.o)
                              C:/ST/STM32CubeIDE_2.0.0/STM32CubeIDE/plugins/com.st.stm32cube.ide.mcu.externaltools.gnu-tools-for-stm32.13.3.rel1.win32_1.0.100.202509120712/tools/bin/../lib/gcc/arm-none-eabi/13.3.1/../../../../arm-none-eabi/lib/thumb/v6-m/nofp/crt0.o (memset)
C:/ST/STM32CubeIDE_2.0.0/STM32CubeIDE/plugins/com.st.stm32cube.ide.mcu.externaltools.gnu-tools-for-stm32.13.3.rel1.win32_1.0.100.202509120712/tools/bin/../lib/gcc/arm-none-eabi/13.3.1/../../../../arm-none-eabi/lib/thumb/v6-m/nofp\libc_nano.a(libc_a-closer.o)
                              C:/ST/STM32CubeIDE_2.0.0/STM32CubeIDE/plugins/com.st.stm32cube.ide.mcu.externaltools.gnu-tools-for-stm32.13.3.rel1.win32_1.0.100.202509120712/tools/bin/../lib/gcc/arm-none-eabi/13.3.1/../../../../arm-none-eabi/lib/thumb/v6-m/nofp\libc_nano.a(libc_a-stdio.o) (_close_r)
C:/ST/STM32CubeIDE_2.0.0/STM32CubeIDE/plugins/com.st.stm32cube.ide.mcu.externaltools.gnu-tools-for-stm32.13.3.rel1.win32_1.0.100.202509120712/tools/bin/../lib/gcc/arm-none-eabi/13.3.1/../../../../arm-none-eabi/lib/thumb/v6-m/nofp\libc_nano.a(libc_a-reent.o)
                              ./Middlewares/Third_Party/FreeRTOS/Source/tasks.o (_reclaim_reent)
C:/ST/STM32CubeIDE_2.0.0/STM32CubeIDE/plugins/com.st.stm32cube.ide.mcu.externaltools.gnu-tools-for-stm32.13.3.rel1.win32_1.0.100.202509120712/tools/bin/../lib/gcc/arm-none-eabi/13.3.1/../../../../arm-none-eabi/lib/thumb/v6-m/nofp\libc_nano.a(libc_a-impure.o)
                              ./Middlewares/Third_Party/FreeRTOS/Source/tasks.o (_impure_ptr)
C:/ST/STM32CubeIDE_2.0.0/STM32CubeIDE/plugins/com.st.stm32cube.ide.mcu.externaltools.gnu-tools-for-stm32.13.3.rel1.win32_1.0.100.202509120712/tools/bin/../lib/gcc/arm-none-eabi/13.3.1/../../../../arm-none-eabi/lib/thumb/v6-m/nofp\libc_nano.a(libc_a-lseekr.o)
                              C:/ST/STM32CubeIDE_2.0.0/STM32CubeIDE/plugins/com.st.stm32cube.ide.mcu.externaltools.gnu-tools-for-stm32.13.3.rel1.win32_1.0.100.202509120712/tools/bin/../lib/gcc/arm-none-eabi/13.3.1/../../../../arm-none-eabi/lib/thumb/v6-m/nofp\libc_nano.a(libc_a-stdio.o) (_lseek_r)
C:/ST/STM32CubeIDE_2.0.0/STM32CubeIDE/plugins/com.st.stm32cube.ide.mcu.externaltools.gnu-tools-for-stm32.13.3.rel1.win32_1.0.100.202509120712/tools/bin/../lib/gcc/arm-none-eabi/13.3.1/../../../../arm-none-eabi/lib/thumb/v6-m/nofp\libc_nano.a(libc_a-readr.o)
                              C:/ST/STM32CubeIDE_2.0.0/STM32CubeIDE/plugins/com.st.stm32cube.ide.mcu.externaltools.gnu-tools-for-stm32.13.3.rel1.win32_1.0.100.202509120712/tools/bin/../lib/gcc/arm-none-eabi/13.3.1/../../../../arm-none-eabi/lib/thumb/v6-m/nofp\libc_nano.a(libc_a-stdio.o) (_read_r)
[...]
Memory Configuration

Name             Origin             Length             Attributes
RAM              0x20000000         0x00024000         xrw
FLASH            0x08000000         0x00020000         xr
*default*        0x00000000         0xffffffff

Linker script and memory map

LOAD C:/ST/STM32CubeIDE_2.0.0/STM32CubeIDE/plugins/com.st.stm32cube.ide.mcu.externaltools.gnu-tools-for-stm32.13.3.rel1.win32_1.0.100.202509120712/tools/bin/../lib/gcc/arm-none-eabi/13.3.1/thumb/v6-m/nofp/crti.o
LOAD C:/ST/STM32CubeIDE_2.0.0/STM32CubeIDE/plugins/com.st.stm32cube.ide.mcu.externaltools.gnu-tools-for-stm32.13.3.rel1.win32_1.0.100.202509120712/tools/bin/../lib/gcc/arm-none-eabi/13.3.1/thumb/v6-m/nofp/crtbegin.o
LOAD C:/ST/STM32CubeIDE_2.0.0/STM32CubeIDE/plugins/com.st.stm32cube.ide.mcu.externaltools.gnu-tools-for-stm32.13.3.rel1.win32_1.0.100.202509120712/tools/bin/../lib/gcc/arm-none-eabi/13.3.1/../../../../arm-none-eabi/lib/thumb/v6-m/nofp/crt0.o
LOAD ./Core/Src/app_freertos.o
LOAD ./Core/Src/dma.o
LOAD ./Core/Src/gpio.o
LOAD ./Core/Src/i2c.o
LOAD ./Core/Src/main.o
LOAD ./Core/Src/sht41.o
LOAD ./Core/Src/stm32g0xx_hal_msp.o
LOAD ./Core/Src/stm32g0xx_it.o
LOAD ./Core/Src/syscalls.o
LOAD ./Core/Src/sysmem.o
LOAD ./Core/Src/system_stm32g0xx.o
LOAD ./Core/Startup/startup_stm32g0b1cbtx.o
LOAD ./Drivers/STM32G0xx_HAL_Driver/Src/stm32g0xx_hal.o
LOAD ./Drivers/STM32G0xx_HAL_Driver/Src/stm32g0xx_hal_cortex.o
LOAD ./Drivers/STM32G0xx_HAL_Driver/Src/stm32g0xx_hal_dma.o
LOAD ./Drivers/STM32G0xx_HAL_Driver/Src/stm32g0xx_hal_dma_ex.o
LOAD ./Drivers/STM32G0xx_HAL_Driver/Src/stm32g0xx_hal_exti.o
LOAD ./Drivers/STM32G0xx_HAL_Driver/Src/stm32g0xx_hal_flash.o
LOAD ./Drivers/STM32G0xx_HAL_Driver/Src/stm32g0xx_hal_flash_ex.o
LOAD ./Drivers/STM32G0xx_HAL_Driver/Src/stm32g0xx_hal_gpio.o
LOAD ./Drivers/STM32G0xx_HAL_Driver/Src/stm32g0xx_hal_i2c.o
LOAD ./Drivers/STM32G0xx_HAL_Driver/Src/stm32g0xx_hal_i2c_ex.o
LOAD ./Drivers/STM32G0xx_HAL_Driver/Src/stm32g0xx_hal_pwr.o
LOAD ./Drivers/STM32G0xx_HAL_Driver/Src/stm32g0xx_hal_pwr_ex.o
LOAD ./Drivers/STM32G0xx_HAL_Driver/Src/stm32g0xx_hal_rcc.o
LOAD ./Drivers/STM32G0xx_HAL_Driver/Src/stm32g0xx_hal_rcc_ex.o
LOAD ./Drivers/STM32G0xx_HAL_Driver/Src/stm32g0xx_ll_rcc.o
LOAD ./Middlewares/Third_Party/FreeRTOS/Source/CMSIS_RTOS_V2/cmsis_os2.o
LOAD ./Middlewares/Third_Party/FreeRTOS/Source/croutine.o
LOAD ./Middlewares/Third_Party/FreeRTOS/Source/event_groups.o
LOAD ./Middlewares/Third_Party/FreeRTOS/Source/list.o
LOAD ./Middlewares/Third_Party/FreeRTOS/Source/queue.o
LOAD ./Middlewares/Third_Party/FreeRTOS/Source/stream_buffer.o
LOAD ./Middlewares/Third_Party/FreeRTOS/Source/tasks.o
LOAD ./Middlewares/Third_Party/FreeRTOS/Source/timers.o
LOAD ./Middlewares/Third_Party/FreeRTOS/Source/portable/GCC/ARM_CM0/port.o
LOAD ./Middlewares/Third_Party/FreeRTOS/Source/portable/MemMang/heap_4.o
START GROUP
LOAD C:/ST/STM32CubeIDE_2.0.0/STM32CubeIDE/plugins/com.st.stm32cube.ide.mcu.externaltools.gnu-tools-for-stm32.13.3.rel1.win32_1.0.100.202509120712/tools/bin/../lib/gcc/arm-none-eabi/13.3.1/../../../../arm-none-eabi/lib/thumb/v6-m/nofp\libc_nano.a
LOAD C:/ST/STM32CubeIDE_2.0.0/STM32CubeIDE/plugins/com.st.stm32cube.ide.mcu.externaltools.gnu-tools-for-stm32.13.3.rel1.win32_1.0.100.202509120712/tools/bin/../lib/gcc/arm-none-eabi/13.3.1/../../../../arm-none-eabi/lib/thumb/v6-m/nofp\libm.a
END GROUP
START GROUP
LOAD C:/ST/STM32CubeIDE_2.0.0/STM32CubeIDE/plugins/com.st.stm32cube.ide.mcu.externaltools.gnu-tools-for-stm32.13.3.rel1.win32_1.0.100.202509120712/tools/bin/../lib/gcc/arm-none-eabi/13.3.1/thumb/v6-m/nofp\libgcc.a
LOAD C:/ST/STM32CubeIDE_2.0.0/STM32CubeIDE/plugins/com.st.stm32cube.ide.mcu.externaltools.gnu-tools-for-stm32.13.3.rel1.win32_1.0.100.202509120712/tools/bin/../lib/gcc/arm-none-eabi/13.3.1/../../../../arm-none-eabi/lib/thumb/v6-m/nofp\libc_nano.a
END GROUP
START GROUP
LOAD C:/ST/STM32CubeIDE_2.0.0/STM32CubeIDE/plugins/com.st.stm32cube.ide.mcu.externaltools.gnu-tools-for-stm32.13.3.rel1.win32_1.0.100.202509120712/tools/bin/../lib/gcc/arm-none-eabi/13.3.1/thumb/v6-m/nofp\libgcc.a
LOAD C:/ST/STM32CubeIDE_2.0.0/STM32CubeIDE/plugins/com.st.stm32cube.ide.mcu.externaltools.gnu-tools-for-stm32.13.3.rel1.win32_1.0.100.202509120712/tools/bin/../lib/gcc/arm-none-eabi/13.3.1/../../../../arm-none-eabi/lib/thumb/v6-m/nofp\libc_nano.a
LOAD C:/ST/STM32CubeIDE_2.0.0/STM32CubeIDE/plugins/com.st.stm32cube.ide.mcu.externaltools.gnu-tools-for-stm32.13.3.rel1.win32_1.0.100.202509120712/tools/bin/../lib/gcc/arm-none-eabi/13.3.1/../../../../arm-none-eabi/lib/thumb/v6-m/nofp\libnosys.a
END GROUP
START GROUP
LOAD C:/ST/STM32CubeIDE_2.0.0/STM32CubeIDE/plugins/com.st.stm32cube.ide.mcu.externaltools.gnu-tools-for-stm32.13.3.rel1.win32_1.0.100.202509120712/tools/bin/../lib/gcc/arm-none-eabi/13.3.1/thumb/v6-m/nofp\libgcc.a
LOAD C:/ST/STM32CubeIDE_2.0.0/STM32CubeIDE/plugins/com.st.stm32cube.ide.mcu.externaltools.gnu-tools-for-stm32.13.3.rel1.win32_1.0.100.202509120712/tools/bin/../lib/gcc/arm-none-eabi/13.3.1/../../../../arm-none-eabi/lib/thumb/v6-m/nofp\libc_nano.a
LOAD C:/ST/STM32CubeIDE_2.0.0/STM32CubeIDE/plugins/com.st.stm32cube.ide.mcu.externaltools.gnu-tools-for-stm32.13.3.rel1.win32_1.0.100.202509120712/tools/bin/../lib/gcc/arm-none-eabi/13.3.1/../../../../arm-none-eabi/lib/thumb/v6-m/nofp\libnosys.a
END GROUP
LOAD C:/ST/STM32CubeIDE_2.0.0/STM32CubeIDE/plugins/com.st.stm32cube.ide.mcu.externaltools.gnu-tools-for-stm32.13.3.rel1.win32_1.0.100.202509120712/tools/bin/../lib/gcc/arm-none-eabi/13.3.1/thumb/v6-m/nofp/crtend.o
LOAD C:/ST/STM32CubeIDE_2.0.0/STM32CubeIDE/plugins/com.st.stm32cube.ide.mcu.externaltools.gnu-tools-for-stm32.13.3.rel1.win32_1.0.100.202509120712/tools/bin/../lib/gcc/arm-none-eabi/13.3.1/thumb/v6-m/nofp/crtn.o
                0x20024000                        _estack = (ORIGIN (RAM) + LENGTH (RAM))
                0x00000200                        _Min_Heap_Size = 0x200
                0x00000400                        _Min_Stack_Size = 0x400

.isr_vector     0x08000000       0xbc
                0x08000000                        . = ALIGN (0x4)
 *(.isr_vector)
 .isr_vector    0x08000000       0xbc ./Core/Startup/startup_stm32g0b1cbtx.o
                0x08000000                g_pfnVectors
                0x080000bc                        . = ALIGN (0x4)

.text           0x080000c0     0x8400
                0x080000c0                        . = ALIGN (0x4)
 *(.text)
 .text          0x080000c0       0x48 C:/ST/STM32CubeIDE_2.0.0/STM32CubeIDE/plugins/com.st.stm32cube.ide.mcu.externaltools.gnu-tools-for-stm32.13.3.rel1.win32_1.0.100.202509120712/tools/bin/../lib/gcc/arm-none-eabi/13.3.1/thumb/v6-m/nofp/crtbegin.o
 .text          0x08000108      0x114 C:/ST/STM32CubeIDE_2.0.0/STM32CubeIDE/plugins/com.st.stm32cube.ide.mcu.externaltools.gnu-tools-for-stm32.13.3.rel1.win32_1.0.100.202509120712/tools/bin/../lib/gcc/arm-none-eabi/13.3.1/thumb/v6-m/nofp\libgcc.a(_udivsi3.o)
                0x08000108                __aeabi_uidiv
                0x08000108                __udivsi3
                0x08000214                __aeabi_uidivmod
 .text          0x0800021c        0x4 C:/ST/STM32CubeIDE_2.0.0/STM32CubeIDE/plugins/com.st.stm32cube.ide.mcu.externaltools.gnu-tools-for-stm32.13.3.rel1.win32_1.0.100.202509120712/tools/bin/../lib/gcc/arm-none-eabi/13.3.1/thumb/v6-m/nofp\libgcc.a(_dvmd_tls.o)
                0x0800021c                __aeabi_idiv0
                0x0800021c                __aeabi_ldiv0
 .text          0x08000220      0x22c C:/ST/STM32CubeIDE_2.0.0/STM32CubeIDE/plugins/com.st.stm32cube.ide.mcu.externaltools.gnu-tools-for-stm32.13.3.rel1.win32_1.0.100.202509120712/tools/bin/../lib/gcc/arm-none-eabi/13.3.1/thumb/v6-m/nofp\libgcc.a(divsf3.o)
                0x08000220                __aeabi_fdiv
 .text          0x0800044c      0x2b4 C:/ST/STM32CubeIDE_2.0.0/STM32CubeIDE/plugins/com.st.stm32cube.ide.mcu.externaltools.gnu-tools-for-stm32.13.3.rel1.win32_1.0.100.202509120712/tools/bin/../lib/gcc/arm-none-eabi/13.3.1/thumb/v6-m/nofp\libgcc.a(mulsf3.o)
                0x0800044c                __aeabi_fmul
 .text          0x08000700      0x4c8 C:/ST/STM32CubeIDE_2.0.0/STM32CubeIDE/plugins/com.st.stm32cube.ide.mcu.externaltools.gnu-tools-for-stm32.13.3.rel1.win32_1.0.100.202509120712/tools/bin/../lib/gcc/arm-none-eabi/13.3.1/thumb/v6-m/nofp\libgcc.a(subsf3.o)
                0x08000700                __aeabi_fsub
 .text          0x08000bc8       0x8c C:/ST/STM32CubeIDE_2.0.0/STM32CubeIDE/plugins/com.st.stm32cube.ide.mcu.externaltools.gnu-tools-for-stm32.13.3.rel1.win32_1.0.100.202509120712/tools/bin/../lib/gcc/arm-none-eabi/13.3.1/thumb/v6-m/nofp\libgcc.a(floatunsisf.o)
                0x08000bc8                __aeabi_ui2f
 .text          0x08000c54       0x3c C:/ST/STM32CubeIDE_2.0.0/STM32CubeIDE/plugins/com.st.stm32cube.ide.mcu.externaltools.gnu-tools-for-stm32.13.3.rel1.win32_1.0.100.202509120712/tools/bin/../lib/gcc/arm-none-eabi/13.3.1/thumb/v6-m/nofp\libgcc.a(_clzsi2.o)
                0x08000c54                __clzsi2
 *(.text*)
 .text.MX_FREERTOS_Init
                0x08000c90       0x44 ./Core/Src/app_freertos.o
                0x08000c90                MX_FREERTOS_Init
 .text.StartDefaultTask
                0x08000cd4       0x34 ./Core/Src/app_freertos.o
                0x08000cd4                StartDefaultTask
 .text.HAL_I2C_MasterTxCpltCallback
                0x08000d08       0x28 ./Core/Src/app_freertos.o
                0x08000d08                HAL_I2C_MasterTxCpltCallback
 .text.HAL_I2C_MasterRxCpltCallback
                0x08000d30       0x28 ./Core/Src/app_freertos.o
                0x08000d30                HAL_I2C_MasterRxCpltCallback
 .text.HAL_I2C_MemRxCpltCallback
                0x08000d58       0x28 ./Core/Src/app_freertos.o
                0x08000d58                HAL_I2C_MemRxCpltCallback
 .text.HAL_I2C_MemTxCpltCallback
                0x08000d80       0x28 ./Core/Src/app_freertos.o
                0x08000d80                HAL_I2C_MemTxCpltCallback
 .text.HAL_I2C_ErrorCallback
                0x08000da8       0x28 ./Core/Src/app_freertos.o
                0x08000da8                HAL_I2C_ErrorCallback
 .text.MX_DMA_Init
                0x08000dd0       0x4c ./Core/Src/dma.o
                0x08000dd0                MX_DMA_Init
 .text.MX_GPIO_Init
                0x08000e1c       0x2c ./Core/Src/gpio.o
                0x08000e1c                MX_GPIO_Init
 .text.MX_I2C1_Init
                0x08000e48       0x80 ./Core/Src/i2c.o
                0x08000e48                MX_I2C1_Init
 .text.HAL_I2C_MspInit
                0x08000ec8      0x188 ./Core/Src/i2c.o
                0x08000ec8                HAL_I2C_MspInit
 .text.main     0x08001050       0x28 ./Core/Src/main.o
                0x08001050                main
 .text.SystemClock_Config
                0x08001078       0x90 ./Core/Src/main.o
                0x08001078                SystemClock_Config
 .text.Error_Handler
                0x08001108        0xc ./Core/Src/main.o
                0x08001108                Error_Handler
 .text.SHT41_ReleaseSemaphore
                0x08001114       0x1c ./Core/Src/sht41.o
                0x08001114                SHT41_ReleaseSemaphore
 .text.SHT41_Transmit
                0x08001130       0x60 ./Core/Src/sht41.o
                0x08001130                SHT41_Transmit
 .text.SHT41_Receive
                0x08001190       0x60 ./Core/Src/sht41.o
                0x08001190                SHT41_Receive
 .text.SHT41_CRC_Check
                0x080011f0       0xd4 ./Core/Src/sht41.o
                0x080011f0                SHT41_CRC_Check
 .text.SHT41_Setup
                0x080012c4       0x24 ./Core/Src/sht41.o
                0x080012c4                SHT41_Setup
 .text.SHT41_Reset
                0x080012e8       0x20 ./Core/Src/sht41.o
                0x080012e8                SHT41_Reset
 .text.SHT41_ReadID
                0x08001308       0x84 ./Core/Src/sht41.o
                0x08001308                SHT41_ReadID
 .text.SHT41_ReadData
                0x0800138c       0xd4 ./Core/Src/sht41.o
                0x0800138c                SHT41_ReadData
 .text.SHT41_Init
                0x08001460       0x14 ./Core/Src/sht41.o
                0x08001460                SHT41_Init
 .text.SHT41_ConvertData
                0x08001474       0x84 ./Core/Src/sht41.o
                0x08001474                SHT41_ConvertData
 .text.SHT41_ReadAndConvertData
                0x080014f8       0x24 ./Core/Src/sht41.o
                0x080014f8                SHT41_ReadAndConvertData
 .text.HAL_MspInit
                0x0800151c       0x60 ./Core/Src/stm32g0xx_hal_msp.o
                0x0800151c                HAL_MspInit
 .text.NMI_Handler
                0x0800157c        0x8 ./Core/Src/stm32g0xx_it.o
                0x0800157c                NMI_Handler
 .text.HardFault_Handler
                0x08001584        0x8 ./Core/Src/stm32g0xx_it.o
                0x08001584                HardFault_Handler
 .text.SysTick_Handler
                0x0800158c       0x1c ./Core/Src/stm32g0xx_it.o
                0x0800158c                SysTick_Handler
 .text.DMA1_Channel1_IRQHandler
                0x080015a8       0x18 ./Core/Src/stm32g0xx_it.o
                0x080015a8                DMA1_Channel1_IRQHandler
 .text.DMA1_Channel2_3_IRQHandler
                0x080015c0       0x18 ./Core/Src/stm32g0xx_it.o
                0x080015c0                DMA1_Channel2_3_IRQHandler
 .text.I2C1_IRQHandler
                0x080015d8       0x30 ./Core/Src/stm32g0xx_it.o
                0x080015d8                I2C1_IRQHandler
 .text.SystemInit
                0x08001608        0xa ./Core/Src/system_stm32g0xx.o
                0x08001608                SystemInit
 *fill*         0x08001612        0x2 
 .text.Reset_Handler
                0x08001614       0x50 ./Core/Startup/startup_stm32g0b1cbtx.o
                0x08001614                Reset_Handler
 .text.Default_Handler
                0x08001664        0x2 ./Core/Startup/startup_stm32g0b1cbtx.o
                0x08001664                I2C2_3_IRQHandler
                0x08001664                USART3_4_5_6_LPUART1_IRQHandler
                0x08001664                TIM1_CC_IRQHandler
                0x08001664                ADC1_COMP_IRQHandler
                0x08001664                TIM7_LPTIM2_IRQHandler
                0x08001664                TIM17_FDCAN_IT1_IRQHandler
                0x08001664                DMA1_Ch4_7_DMA2_Ch1_5_DMAMUX1_OVR_IRQHandler
                0x08001664                RCC_CRS_IRQHandler
                0x08001664                RTC_TAMP_IRQHandler
                0x08001664                SPI1_IRQHandler
                0x08001664                USB_UCPD1_2_IRQHandler
                0x08001664                EXTI2_3_IRQHandler
                0x08001664                USART2_LPUART2_IRQHandler
                0x08001664                PVD_VDDIO2_IRQHandler
                0x08001664                EXTI4_15_IRQHandler
                0x08001664                Default_Handler
                0x08001664                CEC_IRQHandler
                0x08001664                TIM14_IRQHandler
                0x08001664                TIM15_IRQHandler
                0x08001664                TIM3_TIM4_IRQHandler
                0x08001664                EXTI0_1_IRQHandler
                0x08001664                SPI2_3_IRQHandler
                0x08001664                TIM6_DAC_LPTIM1_IRQHandler
                0x08001664                WWDG_IRQHandler
                0x08001664                TIM2_IRQHandler
                0x08001664                FLASH_IRQHandler
                0x08001664                USART1_IRQHandler
                0x08001664                TIM16_FDCAN_IT0_IRQHandler
                0x08001664                TIM1_BRK_UP_TRG_COM_IRQHandler
 *fill*         0x08001666        0x2 
 .text.HAL_Init
                0x08001668       0x40 ./Drivers/STM32G0xx_HAL_Driver/Src/stm32g0xx_hal.o
                0x08001668                HAL_Init
 .text.HAL_InitTick
                0x080016a8       0x94 ./Drivers/STM32G0xx_HAL_Driver/Src/stm32g0xx_hal.o
                0x080016a8                HAL_InitTick
 .text.HAL_IncTick
                0x0800173c       0x24 ./Drivers/STM32G0xx_HAL_Driver/Src/stm32g0xx_hal.o
                0x0800173c                HAL_IncTick
 .text.HAL_GetTick
                0x08001760       0x14 ./Drivers/STM32G0xx_HAL_Driver/Src/stm32g0xx_hal.o
                0x08001760                HAL_GetTick
 .text.HAL_SYSCFG_StrobeDBattpinsConfig
                0x08001774       0x2c ./Drivers/STM32G0xx_HAL_Driver/Src/stm32g0xx_hal.o
                0x08001774                HAL_SYSCFG_StrobeDBattpinsConfig
 .text.__NVIC_EnableIRQ
                0x080017a0       0x34 ./Drivers/STM32G0xx_HAL_Driver/Src/stm32g0xx_hal_cortex.o
 .text.__NVIC_SetPriority
                0x080017d4       0xdc ./Drivers/STM32G0xx_HAL_Driver/Src/stm32g0xx_hal_cortex.o
 .text.SysTick_Config
                0x080018b0       0x48 ./Drivers/STM32G0xx_HAL_Driver/Src/stm32g0xx_hal_cortex.o
 .text.HAL_NVIC_SetPriority
                0x080018f8       0x2a ./Drivers/STM32G0xx_HAL_Driver/Src/stm32g0xx_hal_cortex.o
                0x080018f8                HAL_NVIC_SetPriority
 .text.HAL_NVIC_EnableIRQ
                0x08001922       0x20 ./Drivers/STM32G0xx_HAL_Driver/Src/stm32g0xx_hal_cortex.o
                0x08001922                HAL_NVIC_EnableIRQ
 .text.HAL_SYSTICK_Config
                0x08001942       0x1a ./Drivers/STM32G0xx_HAL_Driver/Src/stm32g0xx_hal_cortex.o
                0x08001942                HAL_SYSTICK_Config
 .text.HAL_DMA_Init
                0x0800195c      0x158 ./Drivers/STM32G0xx_HAL_Driver/Src/stm32g0xx_hal_dma.o
                0x0800195c                HAL_DMA_Init
 .text.HAL_DMA_Start_IT
                0x08001ab4      0x10c ./Drivers/STM32G0xx_HAL_Driver/Src/stm32g0xx_hal_dma.o
                0x08001ab4                HAL_DMA_Start_IT
 .text.HAL_DMA_Abort_IT
                0x08001bc0       0xd0 ./Drivers/STM32G0xx_HAL_Driver/Src/stm32g0xx_hal_dma.o
                0x08001bc0                HAL_DMA_Abort_IT
 .text.HAL_DMA_IRQHandler
                0x08001c90      0x188 ./Drivers/STM32G0xx_HAL_Driver/Src/stm32g0xx_hal_dma.o
                0x08001c90                HAL_DMA_IRQHandler
 .text.HAL_DMA_GetState
                0x08001e18       0x18 ./Drivers/STM32G0xx_HAL_Driver/Src/stm32g0xx_hal_dma.o
                0x08001e18                HAL_DMA_GetState
 .text.DMA_SetConfig
                0x08001e30       0x78 ./Drivers/STM32G0xx_HAL_Driver/Src/stm32g0xx_hal_dma.o
 .text.DMA_CalcDMAMUXChannelBaseAndMask
                0x08001ea8       0x94 ./Drivers/STM32G0xx_HAL_Driver/Src/stm32g0xx_hal_dma.o
 .text.DMA_CalcDMAMUXRequestGenBaseAndMask
                0x08001f3c       0x48 ./Drivers/STM32G0xx_HAL_Driver/Src/stm32g0xx_hal_dma.o
 .text.HAL_GPIO_Init
                0x08001f84      0x2d8 ./Drivers/STM32G0xx_HAL_Driver/Src/stm32g0xx_hal_gpio.o
                0x08001f84                HAL_GPIO_Init
 .text.HAL_I2C_Init
                0x0800225c      0x14c ./Drivers/STM32G0xx_HAL_Driver/Src/stm32g0xx_hal_i2c.o
                0x0800225c                HAL_I2C_Init
 .text.HAL_I2C_Master_Transmit_DMA
                0x080023a8      0x254 ./Drivers/STM32G0xx_HAL_Driver/Src/stm32g0xx_hal_i2c.o
                0x080023a8                HAL_I2C_Master_Transmit_DMA
 .text.HAL_I2C_Master_Receive_DMA
                0x080025fc      0x20c ./Drivers/STM32G0xx_HAL_Driver/Src/stm32g0xx_hal_i2c.o
                0x080025fc                HAL_I2C_Master_Receive_DMA
 .text.HAL_I2C_EV_IRQHandler
                0x08002808       0x34 ./Drivers/STM32G0xx_HAL_Driver/Src/stm32g0xx_hal_i2c.o
                0x08002808                HAL_I2C_EV_IRQHandler
 .text.HAL_I2C_ER_IRQHandler
                0x0800283c       0xc4 ./Drivers/STM32G0xx_HAL_Driver/Src/stm32g0xx_hal_i2c.o
                0x0800283c                HAL_I2C_ER_IRQHandler
 .text.HAL_I2C_SlaveTxCpltCallback
                0x08002900       0x10 ./Drivers/STM32G0xx_HAL_Driver/Src/stm32g0xx_hal_i2c.o
                0x08002900                HAL_I2C_SlaveTxCpltCallback
 .text.HAL_I2C_SlaveRxCpltCallback
                0x08002910       0x10 ./Drivers/STM32G0xx_HAL_Driver/Src/stm32g0xx_hal_i2c.o
                0x08002910                HAL_I2C_SlaveRxCpltCallback
 .text.HAL_I2C_AddrCallback
                0x08002920       0x20 ./Drivers/STM32G0xx_HAL_Driver/Src/stm32g0xx_hal_i2c.o
                0x08002920                HAL_I2C_AddrCallback
 .text.HAL_I2C_ListenCpltCallback
                0x08002940       0x10 ./Drivers/STM32G0xx_HAL_Driver/Src/stm32g0xx_hal_i2c.o
                0x08002940                HAL_I2C_ListenCpltCallback
 .text.HAL_I2C_AbortCpltCallback
                0x08002950       0x10 ./Drivers/STM32G0xx_HAL_Driver/Src/stm32g0xx_hal_i2c.o
                0x08002950                HAL_I2C_AbortCpltCallback
 .text.I2C_Master_ISR_IT
                0x08002960      0x29c ./Drivers/STM32G0xx_HAL_Driver/Src/stm32g0xx_hal_i2c.o
 .text.I2C_Slave_ISR_IT
                0x08002bfc      0x228 ./Drivers/STM32G0xx_HAL_Driver/Src/stm32g0xx_hal_i2c.o
 .text.I2C_Master_ISR_DMA
                0x08002e24      0x218 ./Drivers/STM32G0xx_HAL_Driver/Src/stm32g0xx_hal_i2c.o
 .text.I2C_Mem_ISR_DMA
                0x0800303c      0x280 ./Drivers/STM32G0xx_HAL_Driver/Src/stm32g0xx_hal_i2c.o
 .text.I2C_Slave_ISR_DMA
                0x080032bc      0x1f0 ./Drivers/STM32G0xx_HAL_Driver/Src/stm32g0xx_hal_i2c.o
 .text.I2C_ITAddrCplt
                0x080034ac      0x148 ./Drivers/STM32G0xx_HAL_Driver/Src/stm32g0xx_hal_i2c.o
 .text.I2C_ITMasterSeqCplt
                0x080035f4       0x82 ./Drivers/STM32G0xx_HAL_Driver/Src/stm32g0xx_hal_i2c.o
 *fill*         0x08003676        0x2 
 .text.I2C_ITSlaveSeqCplt
                0x08003678       0xcc ./Drivers/STM32G0xx_HAL_Driver/Src/stm32g0xx_hal_i2c.o
 .text.I2C_ITMasterCplt
                0x08003744      0x1a4 ./Drivers/STM32G0xx_HAL_Driver/Src/stm32g0xx_hal_i2c.o
 .text.I2C_ITSlaveCplt
                0x080038e8      0x320 ./Drivers/STM32G0xx_HAL_Driver/Src/stm32g0xx_hal_i2c.o
 .text.I2C_ITListenCplt
                0x08003c08       0xb4 ./Drivers/STM32G0xx_HAL_Driver/Src/stm32g0xx_hal_i2c.o
 .text.I2C_ITError
                0x08003cbc      0x204 ./Drivers/STM32G0xx_HAL_Driver/Src/stm32g0xx_hal_i2c.o
 .text.I2C_TreatErrorCallback
                0x08003ec0       0x52 ./Drivers/STM32G0xx_HAL_Driver/Src/stm32g0xx_hal_i2c.o
 .text.I2C_Flush_TXDR
                0x08003f12       0x44 ./Drivers/STM32G0xx_HAL_Driver/Src/stm32g0xx_hal_i2c.o
 *fill*         0x08003f56        0x2 
 .text.I2C_DMAMasterTransmitCplt
                0x08003f58       0xa0 ./Drivers/STM32G0xx_HAL_Driver/Src/stm32g0xx_hal_i2c.o
 .text.I2C_DMAMasterReceiveCplt
                0x08003ff8       0xa0 ./Drivers/STM32G0xx_HAL_Driver/Src/stm32g0xx_hal_i2c.o
 .text.I2C_DMAError
                0x08004098       0x32 ./Drivers/STM32G0xx_HAL_Driver/Src/stm32g0xx_hal_i2c.o
 .text.I2C_DMAAbort
                0x080040ca       0x3e ./Drivers/STM32G0xx_HAL_Driver/Src/stm32g0xx_hal_i2c.o
 .text.I2C_TransferConfig
                0x08004108       0x74 ./Drivers/STM32G0xx_HAL_Driver/Src/stm32g0xx_hal_i2c.o
 .text.I2C_Enable_IRQ
                0x0800417c      0x114 ./Drivers/STM32G0xx_HAL_Driver/Src/stm32g0xx_hal_i2c.o
 .text.I2C_Disable_IRQ
                0x08004290       0xc6 ./Drivers/STM32G0xx_HAL_Driver/Src/stm32g0xx_hal_i2c.o
 *fill*         0x08004356        0x2 
 .text.HAL_I2CEx_ConfigAnalogFilter
                0x08004358       0x98 ./Drivers/STM32G0xx_HAL_Driver/Src/stm32g0xx_hal_i2c_ex.o
                0x08004358                HAL_I2CEx_ConfigAnalogFilter
 .text.HAL_I2CEx_ConfigDigitalFilter
                0x080043f0       0x98 ./Drivers/STM32G0xx_HAL_Driver/Src/stm32g0xx_hal_i2c_ex.o
                0x080043f0                HAL_I2CEx_ConfigDigitalFilter
 .text.HAL_PWREx_ControlVoltageScaling
                0x08004488       0x80 ./Drivers/STM32G0xx_HAL_Driver/Src/stm32g0xx_hal_pwr_ex.o
                0x08004488                HAL_PWREx_ControlVoltageScaling
 .text.HAL_RCC_OscConfig
                0x08004508      0x6c0 ./Drivers/STM32G0xx_HAL_Driver/Src/stm32g0xx_hal_rcc.o
                0x08004508                HAL_RCC_OscConfig
 .text.HAL_RCC_ClockConfig
                0x08004bc8      0x210 ./Drivers/STM32G0xx_HAL_Driver/Src/stm32g0xx_hal_rcc.o
                0x08004bc8                HAL_RCC_ClockConfig
 .text.HAL_RCC_GetSysClockFreq
                0x08004dd8      0x104 ./Drivers/STM32G0xx_HAL_Driver/Src/stm32g0xx_hal_rcc.o
                0x08004dd8                HAL_RCC_GetSysClockFreq
 .text.HAL_RCCEx_PeriphCLKConfig
                0x08004edc      0x478 ./Drivers/STM32G0xx_HAL_Driver/Src/stm32g0xx_hal_rcc_ex.o
                0x08004edc                HAL_RCCEx_PeriphCLKConfig
 .text.__NVIC_SetPriority
                0x08005354       0xdc ./Middlewares/Third_Party/FreeRTOS/Source/CMSIS_RTOS_V2/cmsis_os2.o
 .text.SVC_Setup
                0x08005430       0x16 ./Middlewares/Third_Party/FreeRTOS/Source/CMSIS_RTOS_V2/cmsis_os2.o
 *fill*         0x08005446        0x2 
 .text.osKernelInitialize
                0x08005448       0x44 ./Middlewares/Third_Party/FreeRTOS/Source/CMSIS_RTOS_V2/cmsis_os2.o
                0x08005448                osKernelInitialize
 .text.osKernelStart
                0x0800548c       0x4c ./Middlewares/Third_Party/FreeRTOS/Source/CMSIS_RTOS_V2/cmsis_os2.o
                0x0800548c                osKernelStart
 .text.osThreadNew
                0x080054d8      0x12c ./Middlewares/Third_Party/FreeRTOS/Source/CMSIS_RTOS_V2/cmsis_os2.o
                0x080054d8                osThreadNew
 .text.osDelay  0x08005604       0x38 ./Middlewares/Third_Party/FreeRTOS/Source/CMSIS_RTOS_V2/cmsis_os2.o
                0x08005604                osDelay
 .text.osSemaphoreNew
                0x0800563c      0x128 ./Middlewares/Third_Party/FreeRTOS/Source/CMSIS_RTOS_V2/cmsis_os2.o
                0x0800563c                osSemaphoreNew
 .text.osSemaphoreAcquire
                0x08005764       0xa0 ./Middlewares/Third_Party/FreeRTOS/Source/CMSIS_RTOS_V2/cmsis_os2.o
                0x08005764                osSemaphoreAcquire
 .text.osSemaphoreRelease
                0x08005804       0x80 ./Middlewares/Third_Party/FreeRTOS/Source/CMSIS_RTOS_V2/cmsis_os2.o
                0x08005804                osSemaphoreRelease
 .text.vApplicationGetIdleTaskMemory
                0x08005884       0x30 ./Middlewares/Third_Party/FreeRTOS/Source/CMSIS_RTOS_V2/cmsis_os2.o
                0x08005884                vApplicationGetIdleTaskMemory
 .text.vApplicationGetTimerTaskMemory
                0x080058b4       0x30 ./Middlewares/Third_Party/FreeRTOS/Source/CMSIS_RTOS_V2/cmsis_os2.o
                0x080058b4                vApplicationGetTimerTaskMemory
 .text.vListInitialise
                0x080058e4       0x3c ./Middlewares/Third_Party/FreeRTOS/Source/list.o
                0x080058e4                vListInitialise
 .text.vListInitialiseItem
                0x08005920       0x16 ./Middlewares/Third_Party/FreeRTOS/Source/list.o
                0x08005920                vListInitialiseItem
 .text.vListInsertEnd
                0x08005936       0x44 ./Middlewares/Third_Party/FreeRTOS/Source/list.o
                0x08005936                vListInsertEnd
 .text.vListInsert
                0x0800597a       0x6c ./Middlewares/Third_Party/FreeRTOS/Source/list.o
                0x0800597a                vListInsert
 .text.uxListRemove
                0x080059e6       0x50 ./Middlewares/Third_Party/FreeRTOS/Source/list.o
                0x080059e6                uxListRemove
 .text.xQueueGenericReset
                0x08005a36       0xaa ./Middlewares/Third_Party/FreeRTOS/Source/queue.o
                0x08005a36                xQueueGenericReset
 .text.xQueueGenericCreateStatic
                0x08005ae0       0xa2 ./Middlewares/Third_Party/FreeRTOS/Source/queue.o
                0x08005ae0                xQueueGenericCreateStatic
 .text.xQueueGenericCreate
                0x08005b82       0x66 ./Middlewares/Third_Party/FreeRTOS/Source/queue.o
                0x08005b82                xQueueGenericCreate
 .text.prvInitialiseNewQueue
                0x08005be8       0x4e ./Middlewares/Third_Party/FreeRTOS/Source/queue.o
 .text.xQueueCreateCountingSemaphoreStatic
                0x08005c36       0x50 ./Middlewares/Third_Party/FreeRTOS/Source/queue.o
                0x08005c36                xQueueCreateCountingSemaphoreStatic
 .text.xQueueCreateCountingSemaphore
                0x08005c86       0x4a ./Middlewares/Third_Party/FreeRTOS/Source/queue.o
                0x08005c86                xQueueCreateCountingSemaphore
 .text.xQueueGenericSend
                0x08005cd0      0x190 ./Middlewares/Third_Party/FreeRTOS/Source/queue.o
                0x08005cd0                xQueueGenericSend
 .text.xQueueGenericSendFromISR
                0x08005e60       0xee ./Middlewares/Third_Party/FreeRTOS/Source/queue.o
                0x08005e60                xQueueGenericSendFromISR
 .text.xQueueGiveFromISR
                0x08005f4e       0xd0 ./Middlewares/Third_Party/FreeRTOS/Source/queue.o
                0x08005f4e                xQueueGiveFromISR
 .text.xQueueReceive
                0x0800601e      0x170 ./Middlewares/Third_Party/FreeRTOS/Source/queue.o
                0x0800601e                xQueueReceive
 .text.xQueueSemaphoreTake
                0x0800618e      0x1bc ./Middlewares/Third_Party/FreeRTOS/Source/queue.o
                0x0800618e                xQueueSemaphoreTake
 .text.xQueueReceiveFromISR
                0x0800634a       0xca ./Middlewares/Third_Party/FreeRTOS/Source/queue.o
                0x0800634a                xQueueReceiveFromISR
 .text.vQueueDelete
                0x08006414       0x3a ./Middlewares/Third_Party/FreeRTOS/Source/queue.o
                0x08006414                vQueueDelete
 .text.prvGetDisinheritPriorityAfterTimeout
                0x0800644e       0x2c ./Middlewares/Third_Party/FreeRTOS/Source/queue.o
 .text.prvCopyDataToQueue
                0x0800647a       0xd6 ./Middlewares/Third_Party/FreeRTOS/Source/queue.o
 .text.prvCopyDataFromQueue
                0x08006550       0x4c ./Middlewares/Third_Party/FreeRTOS/Source/queue.o
 .text.prvUnlockQueue
                0x0800659c       0xbc ./Middlewares/Third_Party/FreeRTOS/Source/queue.o
 .text.prvIsQueueEmpty
                0x08006658       0x2c ./Middlewares/Third_Party/FreeRTOS/Source/queue.o
 .text.prvIsQueueFull
                0x08006684       0x30 ./Middlewares/Third_Party/FreeRTOS/Source/queue.o
 .text.vQueueAddToRegistry
                0x080066b4       0x50 ./Middlewares/Third_Party/FreeRTOS/Source/queue.o
                0x080066b4                vQueueAddToRegistry
 .text.vQueueUnregisterQueue
                0x08006704       0x54 ./Middlewares/Third_Party/FreeRTOS/Source/queue.o
                0x08006704                vQueueUnregisterQueue
 .text.vQueueWaitForMessageRestricted
                0x08006758       0x66 ./Middlewares/Third_Party/FreeRTOS/Source/queue.o
                0x08006758                vQueueWaitForMessageRestricted
 .text.xTaskCreateStatic
                0x080067be       0x8e ./Middlewares/Third_Party/FreeRTOS/Source/tasks.o
                0x080067be                xTaskCreateStatic
 .text.xTaskCreate
                0x0800684c       0x98 ./Middlewares/Third_Party/FreeRTOS/Source/tasks.o
                0x0800684c                xTaskCreate
 .text.prvInitialiseNewTask
                0x080068e4      0x144 ./Middlewares/Third_Party/FreeRTOS/Source/tasks.o
 .text.prvAddNewTaskToReadyList
                0x08006a28       0xd0 ./Middlewares/Third_Party/FreeRTOS/Source/tasks.o
 .text.vTaskDelay
                0x08006af8       0x4c ./Middlewares/Third_Party/FreeRTOS/Source/tasks.o
                0x08006af8                vTaskDelay
 .text.vTaskStartScheduler
                0x08006b44       0xc0 ./Middlewares/Third_Party/FreeRTOS/Source/tasks.o
                0x08006b44                vTaskStartScheduler
 .text.vTaskSuspendAll
                0x08006c04       0x18 ./Middlewares/Third_Party/FreeRTOS/Source/tasks.o
                0x08006c04                vTaskSuspendAll
 .text.xTaskResumeAll
                0x08006c1c      0x118 ./Middlewares/Third_Party/FreeRTOS/Source/tasks.o
                0x08006c1c                xTaskResumeAll
 .text.xTaskGetTickCount
                0x08006d34       0x1c ./Middlewares/Third_Party/FreeRTOS/Source/tasks.o
                0x08006d34                xTaskGetTickCount
 .text.xTaskIncrementTick
                0x08006d50      0x160 ./Middlewares/Third_Party/FreeRTOS/Source/tasks.o
                0x08006d50                xTaskIncrementTick
 .text.vTaskSwitchContext
                0x08006eb0       0xb4 ./Middlewares/Third_Party/FreeRTOS/Source/tasks.o
                0x08006eb0                vTaskSwitchContext
 .text.vTaskPlaceOnEventList
                0x08006f64       0x40 ./Middlewares/Third_Party/FreeRTOS/Source/tasks.o
                0x08006f64                vTaskPlaceOnEventList
 .text.vTaskPlaceOnEventListRestricted
                0x08006fa4       0x50 ./Middlewares/Third_Party/FreeRTOS/Source/tasks.o
                0x08006fa4                vTaskPlaceOnEventListRestricted
 .text.xTaskRemoveFromEventList
                0x08006ff4       0xbc ./Middlewares/Third_Party/FreeRTOS/Source/tasks.o
                0x08006ff4                xTaskRemoveFromEventList
 .text.vTaskInternalSetTimeOutState
                0x080070b0       0x28 ./Middlewares/Third_Party/FreeRTOS/Source/tasks.o
                0x080070b0                vTaskInternalSetTimeOutState
 .text.xTaskCheckForTimeOut
                0x080070d8       0xa4 ./Middlewares/Third_Party/FreeRTOS/Source/tasks.o
                0x080070d8                xTaskCheckForTimeOut
 .text.vTaskMissedYield
                0x0800717c       0x14 ./Middlewares/Third_Party/FreeRTOS/Source/tasks.o
                0x0800717c                vTaskMissedYield
 .text.prvIdleTask
                0x08007190       0x20 ./Middlewares/Third_Party/FreeRTOS/Source/tasks.o
 .text.prvInitialiseTaskLists
                0x080071b0       0x88 ./Middlewares/Third_Party/FreeRTOS/Source/tasks.o
 .text.prvCheckTasksWaitingTermination
                0x08007238       0x5c ./Middlewares/Third_Party/FreeRTOS/Source/tasks.o
 .text.prvDeleteTCB
                0x08007294       0x5c ./Middlewares/Third_Party/FreeRTOS/Source/tasks.o
 .text.prvResetNextTaskUnblockTime
                0x080072f0       0x3c ./Middlewares/Third_Party/FreeRTOS/Source/tasks.o
 .text.xTaskGetSchedulerState
                0x0800732c       0x38 ./Middlewares/Third_Party/FreeRTOS/Source/tasks.o
                0x0800732c                xTaskGetSchedulerState
 .text.xTaskPriorityInherit
                0x08007364       0xd0 ./Middlewares/Third_Party/FreeRTOS/Source/tasks.o
                0x08007364                xTaskPriorityInherit
 .text.xTaskPriorityDisinherit
                0x08007434       0xbc ./Middlewares/Third_Party/FreeRTOS/Source/tasks.o
                0x08007434                xTaskPriorityDisinherit
 .text.vTaskPriorityDisinheritAfterTimeout
                0x080074f0       0xe4 ./Middlewares/Third_Party/FreeRTOS/Source/tasks.o
                0x080074f0                vTaskPriorityDisinheritAfterTimeout
 .text.pvTaskIncrementMutexHeldCount
                0x080075d4       0x24 ./Middlewares/Third_Party/FreeRTOS/Source/tasks.o
                0x080075d4                pvTaskIncrementMutexHeldCount
 .text.prvAddCurrentTaskToDelayedList
                0x080075f8       0xa8 ./Middlewares/Third_Party/FreeRTOS/Source/tasks.o
 .text.xTimerCreateTimerTask
                0x080076a0       0x80 ./Middlewares/Third_Party/FreeRTOS/Source/timers.o
                0x080076a0                xTimerCreateTimerTask
 .text.xTimerGenericCommand
                0x08007720       0x98 ./Middlewares/Third_Party/FreeRTOS/Source/timers.o
                0x08007720                xTimerGenericCommand
 .text.prvProcessExpiredTimer
                0x080077b8       0x8c ./Middlewares/Third_Party/FreeRTOS/Source/timers.o
 .text.prvTimerTask
                0x08007844       0x2a ./Middlewares/Third_Party/FreeRTOS/Source/timers.o
 *fill*         0x0800786e        0x2 
 .text.prvProcessTimerOrBlockTask
                0x08007870       0x90 ./Middlewares/Third_Party/FreeRTOS/Source/timers.o
 .text.prvGetNextExpireTime
                0x08007900       0x44 ./Middlewares/Third_Party/FreeRTOS/Source/timers.o
 .text.prvSampleTimeNow
                0x08007944       0x40 ./Middlewares/Third_Party/FreeRTOS/Source/timers.o
 .text.prvInsertTimerInActiveList
                0x08007984       0x84 ./Middlewares/Third_Party/FreeRTOS/Source/timers.o
 .text.prvProcessReceivedCommands
                0x08007a08      0x194 ./Middlewares/Third_Party/FreeRTOS/Source/timers.o
 .text.prvSwitchTimerLists
                0x08007b9c       0xbc ./Middlewares/Third_Party/FreeRTOS/Source/timers.o
 .text.prvCheckForValidListAndQueue
                0x08007c58       0x84 ./Middlewares/Third_Party/FreeRTOS/Source/timers.o
 .text.pxPortInitialiseStack
                0x08007cdc       0x54 ./Middlewares/Third_Party/FreeRTOS/Source/portable/GCC/ARM_CM0/port.o
                0x08007cdc                pxPortInitialiseStack
 .text.prvTaskExitError
                0x08007d30       0x30 ./Middlewares/Third_Party/FreeRTOS/Source/portable/GCC/ARM_CM0/port.o
 .text.SVC_Handler
                0x08007d60        0xa ./Middlewares/Third_Party/FreeRTOS/Source/portable/GCC/ARM_CM0/port.o
                0x08007d60                SVC_Handler
 *fill*         0x08007d6a        0x6 
 .text.vPortStartFirstTask
                0x08007d70       0x38 ./Middlewares/Third_Party/FreeRTOS/Source/portable/GCC/ARM_CM0/port.o
 .text.xPortStartScheduler
                0x08007da8       0x48 ./Middlewares/Third_Party/FreeRTOS/Source/portable/GCC/ARM_CM0/port.o
                0x08007da8                xPortStartScheduler
 .text.vPortYield
                0x08007df0       0x20 ./Middlewares/Third_Party/FreeRTOS/Source/portable/GCC/ARM_CM0/port.o
                0x08007df0                vPortYield
 .text.vPortEnterCritical
                0x08007e10       0x24 ./Middlewares/Third_Party/FreeRTOS/Source/portable/GCC/ARM_CM0/port.o
                0x08007e10                vPortEnterCritical
 .text.vPortExitCritical
                0x08007e34       0x30 ./Middlewares/Third_Party/FreeRTOS/Source/portable/GCC/ARM_CM0/port.o
                0x08007e34                vPortExitCritical
 .text.ulSetInterruptMaskFromISR
                0x08007e64        0xc ./Middlewares/Third_Party/FreeRTOS/Source/portable/GCC/ARM_CM0/port.o
                0x08007e64                ulSetInterruptMaskFromISR
 .text.vClearInterruptMaskFromISR
                0x08007e70        0x8 ./Middlewares/Third_Party/FreeRTOS/Source/portable/GCC/ARM_CM0/port.o
                0x08007e70                vClearInterruptMaskFromISR
 *fill*         0x08007e78        0x8 
 .text.PendSV_Handler
                0x08007e80       0x48 ./Middlewares/Third_Party/FreeRTOS/Source/portable/GCC/ARM_CM0/port.o
                0x08007e80                PendSV_Handler
 .text.xPortSysTickHandler
                0x08007ec8       0x34 ./Middlewares/Third_Party/FreeRTOS/Source/portable/GCC/ARM_CM0/port.o
                0x08007ec8                xPortSysTickHandler
 .text.vPortSetupTimerInterrupt
                0x08007efc       0x44 ./Middlewares/Third_Party/FreeRTOS/Source/portable/GCC/ARM_CM0/port.o
                0x08007efc                vPortSetupTimerInterrupt
 .text.pvPortMalloc
                0x08007f40      0x160 ./Middlewares/Third_Party/FreeRTOS/Source/portable/MemMang/heap_4.o
                0x08007f40                pvPortMalloc
 .text.vPortFree
                0x080080a0       0xa0 ./Middlewares/Third_Party/FreeRTOS/Source/portable/MemMang/heap_4.o
                0x080080a0                vPortFree
 .text.prvHeapInit
                0x08008140       0xc0 ./Middlewares/Third_Party/FreeRTOS/Source/portable/MemMang/heap_4.o
 .text.prvInsertBlockIntoFreeList
                0x08008200       0xb0 ./Middlewares/Third_Party/FreeRTOS/Source/portable/MemMang/heap_4.o
 .text.memset   0x080082b0       0x10 C:/ST/STM32CubeIDE_2.0.0/STM32CubeIDE/plugins/com.st.stm32cube.ide.mcu.externaltools.gnu-tools-for-stm32.13.3.rel1.win32_1.0.100.202509120712/tools/bin/../lib/gcc/arm-none-eabi/13.3.1/../../../../arm-none-eabi/lib/thumb/v6-m/nofp\libc_nano.a(libc_a-memset.o)
                0x080082b0                memset
 .text._reclaim_reent
                0x080082c0       0xd4 C:/ST/STM32CubeIDE_2.0.0/STM32CubeIDE/plugins/com.st.stm32cube.ide.mcu.externaltools.gnu-tools-for-stm32.13.3.rel1.win32_1.0.100.202509120712/tools/bin/../lib/gcc/arm-none-eabi/13.3.1/../../../../arm-none-eabi/lib/thumb/v6-m/nofp\libc_nano.a(libc_a-reent.o)
                0x080082c0                _reclaim_reent
 .text.__libc_init_array
                0x08008394       0x48 C:/ST/STM32CubeIDE_2.0.0/STM32CubeIDE/plugins/com.st.stm32cube.ide.mcu.externaltools.gnu-tools-for-stm32.13.3.rel1.win32_1.0.100.202509120712/tools/bin/../lib/gcc/arm-none-eabi/13.3.1/../../../../arm-none-eabi/lib/thumb/v6-m/nofp\libc_nano.a(libc_a-init.o)
                0x08008394                __libc_init_array
 .text.__retarget_lock_acquire_recursive
                0x080083dc        0x2 C:/ST/STM32CubeIDE_2.0.0/STM32CubeIDE/plugins/com.st.stm32cube.ide.mcu.externaltools.gnu-tools-for-stm32.13.3.rel1.win32_1.0.100.202509120712/tools/bin/../lib/gcc/arm-none-eabi/13.3.1/../../../../arm-none-eabi/lib/thumb/v6-m/nofp\libc_nano.a(libc_a-lock.o)
                0x080083dc                __retarget_lock_acquire_recursive
 .text.__retarget_lock_release_recursive
                0x080083de        0x2 C:/ST/STM32CubeIDE_2.0.0/STM32CubeIDE/plugins/com.st.stm32cube.ide.mcu.externaltools.gnu-tools-for-stm32.13.3.rel1.win32_1.0.100.202509120712/tools/bin/../lib/gcc/arm-none-eabi/13.3.1/../../../../arm-none-eabi/lib/thumb/v6-m/nofp\libc_nano.a(libc_a-lock.o)
                0x080083de                __retarget_lock_release_recursive
 .text.memcpy   0x080083e0       0x12 C:/ST/STM32CubeIDE_2.0.0/STM32CubeIDE/plugins/com.st.stm32cube.ide.mcu.externaltools.gnu-tools-for-stm32.13.3.rel1.win32_1.0.100.202509120712/tools/bin/../lib/gcc/arm-none-eabi/13.3.1/../../../../arm-none-eabi/lib/thumb/v6-m/nofp\libc_nano.a(libc_a-memcpy-stub.o)
                0x080083e0                memcpy
 *fill*         0x080083f2        0x2 
 .text._free_r  0x080083f4       0x94 C:/ST/STM32CubeIDE_2.0.0/STM32CubeIDE/plugins/com.st.stm32cube.ide.mcu.externaltools.gnu-tools-for-stm32.13.3.rel1.win32_1.0.100.202509120712/tools/bin/../lib/gcc/arm-none-eabi/13.3.1/../../../../arm-none-eabi/lib/thumb/v6-m/nofp\libc_nano.a(libc_a-freer.o)
                0x080083f4                _free_r
 .text.__malloc_lock
                0x08008488       0x10 C:/ST/STM32CubeIDE_2.0.0/STM32CubeIDE/plugins/com.st.stm32cube.ide.mcu.externaltools.gnu-tools-for-stm32.13.3.rel1.win32_1.0.100.202509120712/tools/bin/../lib/gcc/arm-none-eabi/13.3.1/../../../../arm-none-eabi/lib/thumb/v6-m/nofp\libc_nano.a(libc_a-mlock.o)
                0x08008488                __malloc_lock
 .text.__malloc_unlock
                0x08008498       0x10 C:/ST/STM32CubeIDE_2.0.0/STM32CubeIDE/plugins/com.st.stm32cube.ide.mcu.externaltools.gnu-tools-for-stm32.13.3.rel1.win32_1.0.100.202509120712/tools/bin/../lib/gcc/arm-none-eabi/13.3.1/../../../../arm-none-eabi/lib/thumb/v6-m/nofp\libc_nano.a(libc_a-mlock.o)
                0x08008498                __malloc_unlock
 *(.glue_7)
 .glue_7        0x080084a8        0x0 linker stubs
 *(.glue_7t)
 .glue_7t       0x080084a8        0x0 linker stubs
 *(.eh_frame)
 .eh_frame      0x080084a8        0x0 C:/ST/STM32CubeIDE_2.0.0/STM32CubeIDE/plugins/com.st.stm32cube.ide.mcu.externaltools.gnu-tools-for-stm32.13.3.rel1.win32_1.0.100.202509120712/tools/bin/../lib/gcc/arm-none-eabi/13.3.1/thumb/v6-m/nofp/crtbegin.o
 *(.init)
 .init          0x080084a8        0x4 C:/ST/STM32CubeIDE_2.0.0/STM32CubeIDE/plugins/com.st.stm32cube.ide.mcu.externaltools.gnu-tools-for-stm32.13.3.rel1.win32_1.0.100.202509120712/tools/bin/../lib/gcc/arm-none-eabi/13.3.1/thumb/v6-m/nofp/crti.o
                0x080084a8                _init
 .init          0x080084ac        0x8 C:/ST/STM32CubeIDE_2.0.0/STM32CubeIDE/plugins/com.st.stm32cube.ide.mcu.externaltools.gnu-tools-for-stm32.13.3.rel1.win32_1.0.100.202509120712/tools/bin/../lib/gcc/arm-none-eabi/13.3.1/thumb/v6-m/nofp/crtn.o
 *(.fini)
 .fini          0x080084b4        0x4 C:/ST/STM32CubeIDE_2.0.0/STM32CubeIDE/plugins/com.st.stm32cube.ide.mcu.externaltools.gnu-tools-for-stm32.13.3.rel1.win32_1.0.100.202509120712/tools/bin/../lib/gcc/arm-none-eabi/13.3.1/thumb/v6-m/nofp/crti.o
                0x080084b4                _fini
 .fini          0x080084b8        0x8 C:/ST/STM32CubeIDE_2.0.0/STM32CubeIDE/plugins/com.st.stm32cube.ide.mcu.externaltools.gnu-tools-for-stm32.13.3.rel1.win32_1.0.100.202509120712/tools/bin/../lib/gcc/arm-none-eabi/13.3.1/thumb/v6-m/nofp/crtn.o
                0x080084c0                        . = ALIGN (0x4)
                0x080084c0                        _etext = .

.vfp11_veneer   0x080084c0        0x0
 .vfp11_veneer  0x080084c0        0x0 linker stubs

.v4_bx          0x080084c0        0x0
 .v4_bx         0x080084c0        0x0 linker stubs

.iplt           0x080084c0        0x0
 .iplt          0x080084c0        0x0 C:/ST/STM32CubeIDE_2.0.0/STM32CubeIDE/plugins/com.st.stm32cube.ide.mcu.externaltools.gnu-tools-for-stm32.13.3.rel1.win32_1.0.100.202509120712/tools/bin/../lib/gcc/arm-none-eabi/13.3.1/thumb/v6-m/nofp/crtbegin.o

.rodata         0x080084c0      0x14c
                0x080084c0                        . = ALIGN (0x4)
 *(.rodata)
 .rodata        0x080084c0       0x1a ./Core/Src/app_freertos.o
 *fill*         0x080084da        0x2 
 .rodata        0x080084dc        0x5 ./Middlewares/Third_Party/FreeRTOS/Source/tasks.o
 *fill*         0x080084e1        0x3 
 .rodata        0x080084e4        0xd ./Middlewares/Third_Party/FreeRTOS/Source/timers.o
 *fill*         0x080084f1        0x3 
 .rodata        0x080084f4       0x7c C:/ST/STM32CubeIDE_2.0.0/STM32CubeIDE/plugins/com.st.stm32cube.ide.mcu.externaltools.gnu-tools-for-stm32.13.3.rel1.win32_1.0.100.202509120712/tools/bin/../lib/gcc/arm-none-eabi/13.3.1/thumb/v6-m/nofp\libgcc.a(divsf3.o)
 *(.rodata*)
 .rodata.defaultTask_attributes
                0x08008570       0x24 ./Core/Src/app_freertos.o
                0x08008570                defaultTask_attributes
 .rodata.myBinarySem01_attributes
                0x08008594       0x10 ./Core/Src/app_freertos.o
                0x08008594                myBinarySem01_attributes
 .rodata.AHBPrescTable
                0x080085a4       0x40 ./Core/Src/system_stm32g0xx.o
                0x080085a4                AHBPrescTable
 .rodata.prvProcessReceivedCommands
                0x080085e4       0x28 ./Middlewares/Third_Party/FreeRTOS/Source/timers.o
                0x0800860c                        . = ALIGN (0x4)

.ARM.extab      0x0800860c        0x0
                0x0800860c                        . = ALIGN (0x4)
 *(.ARM.extab* .gnu.linkonce.armextab.*)
                0x0800860c                        . = ALIGN (0x4)

.ARM            0x0800860c        0x0
                0x0800860c                        . = ALIGN (0x4)
                0x0800860c                        __exidx_start = .
 *(.ARM.exidx*)
                0x0800860c                        __exidx_end = .
                0x0800860c                        . = ALIGN (0x4)

.preinit_array  0x0800860c        0x0
                0x0800860c                        . = ALIGN (0x4)
                0x0800860c                        PROVIDE (__preinit_array_start = .)
 *(.preinit_array*)
                0x0800860c                        PROVIDE (__preinit_array_end = .)
                0x0800860c                        . = ALIGN (0x4)

.init_array     0x0800860c        0x4
                0x0800860c                        . = ALIGN (0x4)
                0x0800860c                        PROVIDE (__init_array_start = .)
 *(SORT_BY_NAME(.init_array.*))
 *(.init_array*)
 .init_array    0x0800860c        0x4 C:/ST/STM32CubeIDE_2.0.0/STM32CubeIDE/plugins/com.st.stm32cube.ide.mcu.externaltools.gnu-tools-for-stm32.13.3.rel1.win32_1.0.100.202509120712/tools/bin/../lib/gcc/arm-none-eabi/13.3.1/thumb/v6-m/nofp/crtbegin.o
                0x08008610                        PROVIDE (__init_array_end = .)
                0x08008610                        . = ALIGN (0x4)

.fini_array     0x08008610        0x4
                0x08008610                        . = ALIGN (0x4)
                [!provide]                        PROVIDE (__fini_array_start = .)
 *(SORT_BY_NAME(.fini_array.*))
 *(.fini_array*)
 .fini_array    0x08008610        0x4 C:/ST/STM32CubeIDE_2.0.0/STM32CubeIDE/plugins/com.st.stm32cube.ide.mcu.externaltools.gnu-tools-for-stm32.13.3.rel1.win32_1.0.100.202509120712/tools/bin/../lib/gcc/arm-none-eabi/13.3.1/thumb/v6-m/nofp/crtbegin.o
                [!provide]                        PROVIDE (__fini_array_end = .)
                0x08008614                        . = ALIGN (0x4)
                0x08008614                        _sidata = LOADADDR (.data)

.rel.dyn        0x08008614        0x0
 .rel.iplt      0x08008614        0x0 C:/ST/STM32CubeIDE_2.0.0/STM32CubeIDE/plugins/com.st.stm32cube.ide.mcu.externaltools.gnu-tools-for-stm32.13.3.rel1.win32_1.0.100.202509120712/tools/bin/../lib/gcc/arm-none-eabi/13.3.1/thumb/v6-m/nofp/crtbegin.o

.data           0x20000000       0x60 load address 0x08008614
                0x20000000                        . = ALIGN (0x4)
                0x20000000                        _sdata = .
 *(.data)
 *(.data*)
 .data.SystemCoreClock
                0x20000000        0x4 ./Core/Src/system_stm32g0xx.o
                0x20000000                SystemCoreClock
 .data.uwTickPrio
                0x20000004        0x4 ./Drivers/STM32G0xx_HAL_Driver/Src/stm32g0xx_hal.o
                0x20000004                uwTickPrio
 .data.uwTickFreq
                0x20000008        0x1 ./Drivers/STM32G0xx_HAL_Driver/Src/stm32g0xx_hal.o
                0x20000008                uwTickFreq
 *fill*         0x20000009        0x3 
 .data.uxCriticalNesting
                0x2000000c        0x4 ./Middlewares/Third_Party/FreeRTOS/Source/portable/GCC/ARM_CM0/port.o
 .data._impure_ptr
                0x20000010        0x4 C:/ST/STM32CubeIDE_2.0.0/STM32CubeIDE/plugins/com.st.stm32cube.ide.mcu.externaltools.gnu-tools-for-stm32.13.3.rel1.win32_1.0.100.202509120712/tools/bin/../lib/gcc/arm-none-eabi/13.3.1/../../../../arm-none-eabi/lib/thumb/v6-m/nofp\libc_nano.a(libc_a-impure.o)
                0x20000010                _impure_ptr
 .data._impure_data
                0x20000014       0x4c C:/ST/STM32CubeIDE_2.0.0/STM32CubeIDE/plugins/com.st.stm32cube.ide.mcu.externaltools.gnu-tools-for-stm32.13.3.rel1.win32_1.0.100.202509120712/tools/bin/../lib/gcc/arm-none-eabi/13.3.1/../../../../arm-none-eabi/lib/thumb/v6-m/nofp\libc_nano.a(libc_a-impure.o)
                0x20000014                _impure_data
 *(.RamFunc)
 *(.RamFunc*)
                0x20000060                        . = ALIGN (0x4)
                0x20000060                        _edata = .

.igot.plt       0x20000060        0x0 load address 0x08008674
 .igot.plt      0x20000060        0x0 C:/ST/STM32CubeIDE_2.0.0/STM32CubeIDE/plugins/com.st.stm32cube.ide.mcu.externaltools.gnu-tools-for-stm32.13.3.rel1.win32_1.0.100.202509120712/tools/bin/../lib/gcc/arm-none-eabi/13.3.1/thumb/v6-m/nofp/crtbegin.o
                0x20000060                        . = ALIGN (0x4)

.bss            0x20000060     0x1cc8 load address 0x08008674
                0x20000060                        _sbss = .
                0x20000060                        __bss_start__ = _sbss
 *(.bss)
 .bss           0x20000060       0x1c C:/ST/STM32CubeIDE_2.0.0/STM32CubeIDE/plugins/com.st.stm32cube.ide.mcu.externaltools.gnu-tools-for-stm32.13.3.rel1.win32_1.0.100.202509120712/tools/bin/../lib/gcc/arm-none-eabi/13.3.1/thumb/v6-m/nofp/crtbegin.o
 *(.bss*)
 .bss.defaultTaskHandle
                0x2000007c        0x4 ./Core/Src/app_freertos.o
                0x2000007c                defaultTaskHandle
 .bss.myBinarySem01Handle
                0x20000080        0x4 ./Core/Src/app_freertos.o
                0x20000080                myBinarySem01Handle
 .bss.myBinarySem01ControlBlock
                0x20000084       0x50 ./Core/Src/app_freertos.o
                0x20000084                myBinarySem01ControlBlock
 .bss.sht41     0x200000d4       0x1c ./Core/Src/app_freertos.o
                0x200000d4                sht41
 .bss.hi2c1     0x200000f0       0x54 ./Core/Src/i2c.o
                0x200000f0                hi2c1
 .bss.hdma_i2c1_rx
                0x20000144       0x60 ./Core/Src/i2c.o
                0x20000144                hdma_i2c1_rx
 .bss.hdma_i2c1_tx
                0x200001a4       0x60 ./Core/Src/i2c.o
                0x200001a4                hdma_i2c1_tx
 .bss.uwTick    0x20000204        0x4 ./Drivers/STM32G0xx_HAL_Driver/Src/stm32g0xx_hal.o
                0x20000204                uwTick
 .bss.KernelState
                0x20000208        0x4 ./Middlewares/Third_Party/FreeRTOS/Source/CMSIS_RTOS_V2/cmsis_os2.o
 .bss.Idle_TCB.3
                0x2000020c       0xa8 ./Middlewares/Third_Party/FreeRTOS/Source/CMSIS_RTOS_V2/cmsis_os2.o
 .bss.Idle_Stack.2
                0x200002b4      0x200 ./Middlewares/Third_Party/FreeRTOS/Source/CMSIS_RTOS_V2/cmsis_os2.o
 .bss.Timer_TCB.1
                0x200004b4       0xa8 ./Middlewares/Third_Party/FreeRTOS/Source/CMSIS_RTOS_V2/cmsis_os2.o
 .bss.Timer_Stack.0
                0x2000055c      0x400 ./Middlewares/Third_Party/FreeRTOS/Source/CMSIS_RTOS_V2/cmsis_os2.o
 .bss.xQueueRegistry
                0x2000095c       0x40 ./Middlewares/Third_Party/FreeRTOS/Source/queue.o
                0x2000095c                xQueueRegistry
 .bss.pxCurrentTCB
                0x2000099c        0x4 ./Middlewares/Third_Party/FreeRTOS/Source/tasks.o
                0x2000099c                pxCurrentTCB
 .bss.pxReadyTasksLists
                0x200009a0      0x460 ./Middlewares/Third_Party/FreeRTOS/Source/tasks.o
 .bss.xDelayedTaskList1
                0x20000e00       0x14 ./Middlewares/Third_Party/FreeRTOS/Source/tasks.o
 .bss.xDelayedTaskList2
                0x20000e14       0x14 ./Middlewares/Third_Party/FreeRTOS/Source/tasks.o
 .bss.pxDelayedTaskList
                0x20000e28        0x4 ./Middlewares/Third_Party/FreeRTOS/Source/tasks.o
 .bss.pxOverflowDelayedTaskList
                0x20000e2c        0x4 ./Middlewares/Third_Party/FreeRTOS/Source/tasks.o
 .bss.xPendingReadyList
                0x20000e30       0x14 ./Middlewares/Third_Party/FreeRTOS/Source/tasks.o
 .bss.xTasksWaitingTermination
                0x20000e44       0x14 ./Middlewares/Third_Party/FreeRTOS/Source/tasks.o
 .bss.uxDeletedTasksWaitingCleanUp
                0x20000e58        0x4 ./Middlewares/Third_Party/FreeRTOS/Source/tasks.o
 .bss.xSuspendedTaskList
                0x20000e5c       0x14 ./Middlewares/Third_Party/FreeRTOS/Source/tasks.o
 .bss.uxCurrentNumberOfTasks
                0x20000e70        0x4 ./Middlewares/Third_Party/FreeRTOS/Source/tasks.o
 .bss.xTickCount
                0x20000e74        0x4 ./Middlewares/Third_Party/FreeRTOS/Source/tasks.o
 .bss.uxTopReadyPriority
                0x20000e78        0x4 ./Middlewares/Third_Party/FreeRTOS/Source/tasks.o
 .bss.xSchedulerRunning
                0x20000e7c        0x4 ./Middlewares/Third_Party/FreeRTOS/Source/tasks.o
 .bss.xPendedTicks
                0x20000e80        0x4 ./Middlewares/Third_Party/FreeRTOS/Source/tasks.o
 .bss.xYieldPending
                0x20000e84        0x4 ./Middlewares/Third_Party/FreeRTOS/Source/tasks.o
 .bss.xNumOfOverflows
                0x20000e88        0x4 ./Middlewares/Third_Party/FreeRTOS/Source/tasks.o
 .bss.uxTaskNumber
                0x20000e8c        0x4 ./Middlewares/Third_Party/FreeRTOS/Source/tasks.o
 .bss.xNextTaskUnblockTime
                0x20000e90        0x4 ./Middlewares/Third_Party/FreeRTOS/Source/tasks.o
 .bss.xIdleTaskHandle
                0x20000e94        0x4 ./Middlewares/Third_Party/FreeRTOS/Source/tasks.o
 .bss.uxSchedulerSuspended
                0x20000e98        0x4 ./Middlewares/Third_Party/FreeRTOS/Source/tasks.o
 .bss.xActiveTimerList1
                0x20000e9c       0x14 ./Middlewares/Third_Party/FreeRTOS/Source/timers.o
 .bss.xActiveTimerList2
                0x20000eb0       0x14 ./Middlewares/Third_Party/FreeRTOS/Source/timers.o
 .bss.pxCurrentTimerList
                0x20000ec4        0x4 ./Middlewares/Third_Party/FreeRTOS/Source/timers.o
 .bss.pxOverflowTimerList
                0x20000ec8        0x4 ./Middlewares/Third_Party/FreeRTOS/Source/timers.o
 .bss.xTimerQueue
                0x20000ecc        0x4 ./Middlewares/Third_Party/FreeRTOS/Source/timers.o
 .bss.xTimerTaskHandle
                0x20000ed0        0x4 ./Middlewares/Third_Party/FreeRTOS/Source/timers.o
 .bss.xLastTime.2
                0x20000ed4        0x4 ./Middlewares/Third_Party/FreeRTOS/Source/timers.o
 .bss.ucStaticTimerQueueStorage.1
                0x20000ed8       0xa0 ./Middlewares/Third_Party/FreeRTOS/Source/timers.o
 .bss.xStaticTimerQueue.0
                0x20000f78       0x50 ./Middlewares/Third_Party/FreeRTOS/Source/timers.o
 .bss.ucHeap    0x20000fc8      0xc00 ./Middlewares/Third_Party/FreeRTOS/Source/portable/MemMang/heap_4.o
 .bss.xStart    0x20001bc8        0x8 ./Middlewares/Third_Party/FreeRTOS/Source/portable/MemMang/heap_4.o
 .bss.pxEnd     0x20001bd0        0x4 ./Middlewares/Third_Party/FreeRTOS/Source/portable/MemMang/heap_4.o
 .bss.xFreeBytesRemaining
                0x20001bd4        0x4 ./Middlewares/Third_Party/FreeRTOS/Source/portable/MemMang/heap_4.o
 .bss.xMinimumEverFreeBytesRemaining
                0x20001bd8        0x4 ./Middlewares/Third_Party/FreeRTOS/Source/portable/MemMang/heap_4.o
 .bss.xNumberOfSuccessfulAllocations
                0x20001bdc        0x4 ./Middlewares/Third_Party/FreeRTOS/Source/portable/MemMang/heap_4.o
 .bss.xNumberOfSuccessfulFrees
                0x20001be0        0x4 ./Middlewares/Third_Party/FreeRTOS/Source/portable/MemMang/heap_4.o
 .bss.xBlockAllocatedBit
                0x20001be4        0x4 ./Middlewares/Third_Party/FreeRTOS/Source/portable/MemMang/heap_4.o
 .bss.__sf      0x20001be8      0x138 C:/ST/STM32CubeIDE_2.0.0/STM32CubeIDE/plugins/com.st.stm32cube.ide.mcu.externaltools.gnu-tools-for-stm32.13.3.rel1.win32_1.0.100.202509120712/tools/bin/../lib/gcc/arm-none-eabi/13.3.1/../../../../arm-none-eabi/lib/thumb/v6-m/nofp\libc_nano.a(libc_a-findfp.o)
                0x20001be8                __sf
 .bss.__lock___malloc_recursive_mutex
                0x20001d20        0x1 C:/ST/STM32CubeIDE_2.0.0/STM32CubeIDE/plugins/com.st.stm32cube.ide.mcu.externaltools.gnu-tools-for-stm32.13.3.rel1.win32_1.0.100.202509120712/tools/bin/../lib/gcc/arm-none-eabi/13.3.1/../../../../arm-none-eabi/lib/thumb/v6-m/nofp\libc_nano.a(libc_a-lock.o)
                0x20001d20                __lock___malloc_recursive_mutex
 *fill*         0x20001d21        0x3 
 .bss.__malloc_free_list
                0x20001d24        0x4 C:/ST/STM32CubeIDE_2.0.0/STM32CubeIDE/plugins/com.st.stm32cube.ide.mcu.externaltools.gnu-tools-for-stm32.13.3.rel1.win32_1.0.100.202509120712/tools/bin/../lib/gcc/arm-none-eabi/13.3.1/../../../../arm-none-eabi/lib/thumb/v6-m/nofp\libc_nano.a(libc_a-mallocr.o)
                0x20001d24                __malloc_free_list
 *(COMMON)
                0x20001d28                        . = ALIGN (0x4)
                0x20001d28                        _ebss = .
                0x20001d28                        __bss_end__ = _ebss

._user_heap_stack
                0x20001d28      0x600 load address 0x08008674
                0x20001d28                        . = ALIGN (0x8)
                [!provide]                        PROVIDE (end = .)
                0x20001d28                        PROVIDE (_end = .)
                0x20001f28                        . = (. + _Min_Heap_Size)
 *fill*         0x20001d28      0x200 
                0x20002328                        . = (. + _Min_Stack_Size)
 *fill*         0x20001f28      0x400 
                0x20002328                        . = ALIGN (0x8)

/DISCARD/
 libc.a(*)
 libm.a(*)
 libgcc.a(*)

.ARM.attributes
                0x00000000       0x28
 *(.ARM.attributes)
 .ARM.attributes
                0x00000000       0x1e C:/ST/STM32CubeIDE_2.0.0/STM32CubeIDE/plugins/com.st.stm32cube.ide.mcu.externaltools.gnu-tools-for-stm32.13.3.rel1.win32_1.0.100.202509120712/tools/bin/../lib/gcc/arm-none-eabi/13.3.1/thumb/v6-m/nofp/crti.o
 .ARM.attributes
                0x0000001e       0x2c C:/ST/STM32CubeIDE_2.0.0/STM32CubeIDE/plugins/com.st.stm32cube.ide.mcu.externaltools.gnu-tools-for-stm32.13.3.rel1.win32_1.0.100.202509120712/tools/bin/../lib/gcc/arm-none-eabi/13.3.1/thumb/v6-m/nofp/crtbegin.o
 .ARM.attributes
                0x0000004a       0x2c ./Core/Src/app_freertos.o
 .ARM.attributes
                0x00000076       0x2c ./Core/Src/dma.o
 .ARM.attributes
                0x000000a2       0x2c ./Core/Src/gpio.o
 .ARM.attributes
                0x000000ce       0x2c ./Core/Src/i2c.o
 .ARM.attributes
                0x000000fa       0x2c ./Core/Src/main.o
 .ARM.attributes
                0x00000126       0x2c ./Core/Src/sht41.o
 .ARM.attributes
                0x00000152       0x2c ./Core/Src/stm32g0xx_hal_msp.o
 .ARM.attributes
                0x0000017e       0x2c ./Core/Src/stm32g0xx_it.o
 .ARM.attributes
                0x000001aa       0x2c ./Core/Src/system_stm32g0xx.o
 .ARM.attributes
                0x000001d6       0x22 ./Core/Startup/startup_stm32g0b1cbtx.o
 .ARM.attributes
                0x000001f8       0x2c ./Drivers/STM32G0xx_HAL_Driver/Src/stm32g0xx_hal.o
 .ARM.attributes
                0x00000224       0x2c ./Drivers/STM32G0xx_HAL_Driver/Src/stm32g0xx_hal_cortex.o
 .ARM.attributes
                0x00000250       0x2c ./Drivers/STM32G0xx_HAL_Driver/Src/stm32g0xx_hal_dma.o
 .ARM.attributes
                0x0000027c       0x2c ./Drivers/STM32G0xx_HAL_Driver/Src/stm32g0xx_hal_gpio.o
 .ARM.attributes
                0x000002a8       0x2c ./Drivers/STM32G0xx_HAL_Driver/Src/stm32g0xx_hal_i2c.o
 .ARM.attributes
                0x000002d4       0x2c ./Drivers/STM32G0xx_HAL_Driver/Src/stm32g0xx_hal_i2c_ex.o
 .ARM.attributes
                0x00000300       0x2c ./Drivers/STM32G0xx_HAL_Driver/Src/stm32g0xx_hal_pwr_ex.o
 .ARM.attributes
                0x0000032c       0x2c ./Drivers/STM32G0xx_HAL_Driver/Src/stm32g0xx_hal_rcc.o
 .ARM.attributes
                0x00000358       0x2c ./Drivers/STM32G0xx_HAL_Driver/Src/stm32g0xx_hal_rcc_ex.o
 .ARM.attributes
                0x00000384       0x2c ./Middlewares/Third_Party/FreeRTOS/Source/CMSIS_RTOS_V2/cmsis_os2.o
 .ARM.attributes
                0x000003b0       0x2c ./Middlewares/Third_Party/FreeRTOS/Source/list.o
 .ARM.attributes
                0x000003dc       0x2c ./Middlewares/Third_Party/FreeRTOS/Source/queue.o
 .ARM.attributes
                0x00000408       0x2c ./Middlewares/Third_Party/FreeRTOS/Source/tasks.o
 .ARM.attributes
                0x00000434       0x2c ./Middlewares/Third_Party/FreeRTOS/Source/timers.o
 .ARM.attributes
                0x00000460       0x2c ./Middlewares/Third_Party/FreeRTOS/Source/portable/GCC/ARM_CM0/port.o
 .ARM.attributes
                0x0000048c       0x2c ./Middlewares/Third_Party/FreeRTOS/Source/portable/MemMang/heap_4.o
 .ARM.attributes
                0x000004b8       0x2c C:/ST/STM32CubeIDE_2.0.0/STM32CubeIDE/plugins/com.st.stm32cube.ide.mcu.externaltools.gnu-tools-for-stm32.13.3.rel1.win32_1.0.100.202509120712/tools/bin/../lib/gcc/arm-none-eabi/13.3.1/../../../../arm-none-eabi/lib/thumb/v6-m/nofp\libc_nano.a(libc_a-findfp.o)
 .ARM.attributes
                0x000004e4       0x2c C:/ST/STM32CubeIDE_2.0.0/STM32CubeIDE/plugins/com.st.stm32cube.ide.mcu.externaltools.gnu-tools-for-stm32.13.3.rel1.win32_1.0.100.202509120712/tools/bin/../lib/gcc/arm-none-eabi/13.3.1/../../../../arm-none-eabi/lib/thumb/v6-m/nofp\libc_nano.a(libc_a-memset.o)
 .ARM.attributes
                0x00000510       0x2c C:/ST/STM32CubeIDE_2.0.0/STM32CubeIDE/plugins/com.st.stm32cube.ide.mcu.externaltools.gnu-tools-for-stm32.13.3.rel1.win32_1.0.100.202509120712/tools/bin/../lib/gcc/arm-none-eabi/13.3.1/../../../../arm-none-eabi/lib/thumb/v6-m/nofp\libc_nano.a(libc_a-reent.o)
 .ARM.attributes
                0x0000053c       0x2c C:/ST/STM32CubeIDE_2.0.0/STM32CubeIDE/plugins/com.st.stm32cube.ide.mcu.externaltools.gnu-tools-for-stm32.13.3.rel1.win32_1.0.100.202509120712/tools/bin/../lib/gcc/arm-none-eabi/13.3.1/../../../../arm-none-eabi/lib/thumb/v6-m/nofp\libc_nano.a(libc_a-impure.o)
 .ARM.attributes
                0x00000568       0x2c C:/ST/STM32CubeIDE_2.0.0/STM32CubeIDE/plugins/com.st.stm32cube.ide.mcu.externaltools.gnu-tools-for-stm32.13.3.rel1.win32_1.0.100.202509120712/tools/bin/../lib/gcc/arm-none-eabi/13.3.1/../../../../arm-none-eabi/lib/thumb/v6-m/nofp\libc_nano.a(libc_a-init.o)
 .ARM.attributes
                0x00000594       0x2c C:/ST/STM32CubeIDE_2.0.0/STM32CubeIDE/plugins/com.st.stm32cube.ide.mcu.externaltools.gnu-tools-for-stm32.13.3.rel1.win32_1.0.100.202509120712/tools/bin/../lib/gcc/arm-none-eabi/13.3.1/../../../../arm-none-eabi/lib/thumb/v6-m/nofp\libc_nano.a(libc_a-lock.o)
 .ARM.attributes
                0x000005c0       0x2c C:/ST/STM32CubeIDE_2.0.0/STM32CubeIDE/plugins/com.st.stm32cube.ide.mcu.externaltools.gnu-tools-for-stm32.13.3.rel1.win32_1.0.100.202509120712/tools/bin/../lib/gcc/arm-none-eabi/13.3.1/../../../../arm-none-eabi/lib/thumb/v6-m/nofp\libc_nano.a(libc_a-memcpy-stub.o)
 .ARM.attributes
                0x000005ec       0x2c C:/ST/STM32CubeIDE_2.0.0/STM32CubeIDE/plugins/com.st.stm32cube.ide.mcu.externaltools.gnu-tools-for-stm32.13.3.rel1.win32_1.0.100.202509120712/tools/bin/../lib/gcc/arm-none-eabi/13.3.1/../../../../arm-none-eabi/lib/thumb/v6-m/nofp\libc_nano.a(libc_a-freer.o)
 .ARM.attributes
                0x00000618       0x2c C:/ST/STM32CubeIDE_2.0.0/STM32CubeIDE/plugins/com.st.stm32cube.ide.mcu.externaltools.gnu-tools-for-stm32.13.3.rel1.win32_1.0.100.202509120712/tools/bin/../lib/gcc/arm-none-eabi/13.3.1/../../../../arm-none-eabi/lib/thumb/v6-m/nofp\libc_nano.a(libc_a-mallocr.o)
 .ARM.attributes
                0x00000644       0x2c C:/ST/STM32CubeIDE_2.0.0/STM32CubeIDE/plugins/com.st.stm32cube.ide.mcu.externaltools.gnu-tools-for-stm32.13.3.rel1.win32_1.0.100.202509120712/tools/bin/../lib/gcc/arm-none-eabi/13.3.1/../../../../arm-none-eabi/lib/thumb/v6-m/nofp\libc_nano.a(libc_a-mlock.o)
 .ARM.attributes
                0x00000670       0x1e C:/ST/STM32CubeIDE_2.0.0/STM32CubeIDE/plugins/com.st.stm32cube.ide.mcu.externaltools.gnu-tools-for-stm32.13.3.rel1.win32_1.0.100.202509120712/tools/bin/../lib/gcc/arm-none-eabi/13.3.1/thumb/v6-m/nofp\libgcc.a(_udivsi3.o)
 .ARM.attributes
                0x0000068e       0x1e C:/ST/STM32CubeIDE_2.0.0/STM32CubeIDE/plugins/com.st.stm32cube.ide.mcu.externaltools.gnu-tools-for-stm32.13.3.rel1.win32_1.0.100.202509120712/tools/bin/../lib/gcc/arm-none-eabi/13.3.1/thumb/v6-m/nofp\libgcc.a(_dvmd_tls.o)
 .ARM.attributes
                0x000006ac       0x2c C:/ST/STM32CubeIDE_2.0.0/STM32CubeIDE/plugins/com.st.stm32cube.ide.mcu.externaltools.gnu-tools-for-stm32.13.3.rel1.win32_1.0.100.202509120712/tools/bin/../lib/gcc/arm-none-eabi/13.3.1/thumb/v6-m/nofp\libgcc.a(divsf3.o)
 .ARM.attributes
                0x000006d8       0x2c C:/ST/STM32CubeIDE_2.0.0/STM32CubeIDE/plugins/com.st.stm32cube.ide.mcu.externaltools.gnu-tools-for-stm32.13.3.rel1.win32_1.0.100.202509120712/tools/bin/../lib/gcc/arm-none-eabi/13.3.1/thumb/v6-m/nofp\libgcc.a(mulsf3.o)
 .ARM.attributes
                0x00000704       0x2c C:/ST/STM32CubeIDE_2.0.0/STM32CubeIDE/plugins/com.st.stm32cube.ide.mcu.externaltools.gnu-tools-for-stm32.13.3.rel1.win32_1.0.100.202509120712/tools/bin/../lib/gcc/arm-none-eabi/13.3.1/thumb/v6-m/nofp\libgcc.a(subsf3.o)
 .ARM.attributes
                0x00000730       0x2c C:/ST/STM32CubeIDE_2.0.0/STM32CubeIDE/plugins/com.st.stm32cube.ide.mcu.externaltools.gnu-tools-for-stm32.13.3.rel1.win32_1.0.100.202509120712/tools/bin/../lib/gcc/arm-none-eabi/13.3.1/thumb/v6-m/nofp\libgcc.a(floatunsisf.o)
 .ARM.attributes
                0x0000075c       0x1e C:/ST/STM32CubeIDE_2.0.0/STM32CubeIDE/plugins/com.st.stm32cube.ide.mcu.externaltools.gnu-tools-for-stm32.13.3.rel1.win32_1.0.100.202509120712/tools/bin/../lib/gcc/arm-none-eabi/13.3.1/thumb/v6-m/nofp\libgcc.a(_clzsi2.o)
 .ARM.attributes
                0x0000077a       0x1e C:/ST/STM32CubeIDE_2.0.0/STM32CubeIDE/plugins/com.st.stm32cube.ide.mcu.externaltools.gnu-tools-for-stm32.13.3.rel1.win32_1.0.100.202509120712/tools/bin/../lib/gcc/arm-none-eabi/13.3.1/thumb/v6-m/nofp/crtn.o
OUTPUT(SHT41.elf elf32-littlearm)
LOAD linker stubs
LOAD C:/ST/STM32CubeIDE_2.0.0/STM32CubeIDE/plugins/com.st.stm32cube.ide.mcu.externaltools.gnu-tools-for-stm32.13.3.rel1.win32_1.0.100.202509120712/tools/bin/../lib/gcc/arm-none-eabi/13.3.1/../../../../arm-none-eabi/lib/thumb/v6-m/nofp\libc.a
LOAD C:/ST/STM32CubeIDE_2.0.0/STM32CubeIDE/plugins/com.st.stm32cube.ide.mcu.externaltools.gnu-tools-for-stm32.13.3.rel1.win32_1.0.100.202509120712/tools/bin/../lib/gcc/arm-none-eabi/13.3.1/../../../../arm-none-eabi/lib/thumb/v6-m/nofp\libm.a
LOAD C:/ST/STM32CubeIDE_2.0.0/STM32CubeIDE/plugins/com.st.stm32cube.ide.mcu.externaltools.gnu-tools-for-stm32.13.3.rel1.win32_1.0.100.202509120712/tools/bin/../lib/gcc/arm-none-eabi/13.3.1/thumb/v6-m/nofp\libgcc.a

.debug_info     0x00000000    0x144c0
 .debug_info    0x00000000      0xde6 ./Core/Src/app_freertos.o
 .debug_info    0x00000de6      0x365 ./Core/Src/dma.o
 .debug_info    0x0000114b      0x248 ./Core/Src/gpio.o
 .debug_info    0x00001393      0xd72 ./Core/Src/i2c.o
 .debug_info    0x00002105      0x398 ./Core/Src/main.o
 .debug_info    0x0000249d      0xc3f ./Core/Src/sht41.o
 .debug_info    0x000030dc      0x387 ./Core/Src/stm32g0xx_hal_msp.o
 .debug_info    0x00003463      0x805 ./Core/Src/stm32g0xx_it.o
 .debug_info    0x00003c68      0x316 ./Core/Src/system_stm32g0xx.o
 .debug_info    0x00003f7e       0x30 ./Core/Startup/startup_stm32g0b1cbtx.o
 .debug_info    0x00003fae      0xafa ./Drivers/STM32G0xx_HAL_Driver/Src/stm32g0xx_hal.o
 .debug_info    0x00004aa8      0x8d9 ./Drivers/STM32G0xx_HAL_Driver/Src/stm32g0xx_hal_cortex.o
 .debug_info    0x00005381      0x869 ./Drivers/STM32G0xx_HAL_Driver/Src/stm32g0xx_hal_dma.o
 .debug_info    0x00005bea      0x5d9 ./Drivers/STM32G0xx_HAL_Driver/Src/stm32g0xx_hal_gpio.o
 .debug_info    0x000061c3     0x2205 ./Drivers/STM32G0xx_HAL_Driver/Src/stm32g0xx_hal_i2c.o
 .debug_info    0x000083c8      0xa46 ./Drivers/STM32G0xx_HAL_Driver/Src/stm32g0xx_hal_i2c_ex.o
 .debug_info    0x00008e0e      0x8b5 ./Drivers/STM32G0xx_HAL_Driver/Src/stm32g0xx_hal_pwr_ex.o
 .debug_info    0x000096c3      0xb9b ./Drivers/STM32G0xx_HAL_Driver/Src/stm32g0xx_hal_rcc.o
 .debug_info    0x0000a25e      0xa41 ./Drivers/STM32G0xx_HAL_Driver/Src/stm32g0xx_hal_rcc_ex.o
 .debug_info    0x0000ac9f     0x3d7a ./Middlewares/Third_Party/FreeRTOS/Source/CMSIS_RTOS_V2/cmsis_os2.o
 .debug_info    0x0000ea19      0x2af ./Middlewares/Third_Party/FreeRTOS/Source/list.o
 .debug_info    0x0000ecc8     0x155a ./Middlewares/Third_Party/FreeRTOS/Source/queue.o
 .debug_info    0x00010222     0x22af ./Middlewares/Third_Party/FreeRTOS/Source/tasks.o
 .debug_info    0x000124d1     0x1933 ./Middlewares/Third_Party/FreeRTOS/Source/timers.o
 .debug_info    0x00013e04      0x289 ./Middlewares/Third_Party/FreeRTOS/Source/portable/GCC/ARM_CM0/port.o
 .debug_info    0x0001408d      0x433 ./Middlewares/Third_Party/FreeRTOS/Source/portable/MemMang/heap_4.o

.debug_abbrev   0x00000000     0x3666
 .debug_abbrev  0x00000000      0x226 ./Core/Src/app_freertos.o
 .debug_abbrev  0x00000226      0x115 ./Core/Src/dma.o
 .debug_abbrev  0x0000033b       0xd2 ./Core/Src/gpio.o
 .debug_abbrev  0x0000040d      0x24d ./Core/Src/i2c.o
 .debug_abbrev  0x0000065a      0x19f ./Core/Src/main.o
 .debug_abbrev  0x000007f9      0x234 ./Core/Src/sht41.o
 .debug_abbrev  0x00000a2d      0x133 ./Core/Src/stm32g0xx_hal_msp.o
 .debug_abbrev  0x00000b60      0x1cd ./Core/Src/stm32g0xx_it.o
 .debug_abbrev  0x00000d2d      0x119 ./Core/Src/system_stm32g0xx.o
 .debug_abbrev  0x00000e46       0x24 ./Core/Startup/startup_stm32g0b1cbtx.o
 .debug_abbrev  0x00000e6a      0x27f ./Drivers/STM32G0xx_HAL_Driver/Src/stm32g0xx_hal.o
 .debug_abbrev  0x000010e9      0x2ab ./Drivers/STM32G0xx_HAL_Driver/Src/stm32g0xx_hal_cortex.o
 .debug_abbrev  0x00001394      0x214 ./Drivers/STM32G0xx_HAL_Driver/Src/stm32g0xx_hal_dma.o
 .debug_abbrev  0x000015a8      0x1c8 ./Drivers/STM32G0xx_HAL_Driver/Src/stm32g0xx_hal_gpio.o
 .debug_abbrev  0x00001770      0x282 ./Drivers/STM32G0xx_HAL_Driver/Src/stm32g0xx_hal_i2c.o
 .debug_abbrev  0x000019f2      0x1d7 ./Drivers/STM32G0xx_HAL_Driver/Src/stm32g0xx_hal_i2c_ex.o
 .debug_abbrev  0x00001bc9      0x23c ./Drivers/STM32G0xx_HAL_Driver/Src/stm32g0xx_hal_pwr_ex.o
 .debug_abbrev  0x00001e05      0x2aa ./Drivers/STM32G0xx_HAL_Driver/Src/stm32g0xx_hal_rcc.o
 .debug_abbrev  0x000020af      0x244 ./Drivers/STM32G0xx_HAL_Driver/Src/stm32g0xx_hal_rcc_ex.o
 .debug_abbrev  0x000022f3      0x4d5 ./Middlewares/Third_Party/FreeRTOS/Source/CMSIS_RTOS_V2/cmsis_os2.o
 .debug_abbrev  0x000027c8       0xf5 ./Middlewares/Third_Party/FreeRTOS/Source/list.o
 .debug_abbrev  0x000028bd      0x33a ./Middlewares/Third_Party/FreeRTOS/Source/queue.o
 .debug_abbrev  0x00002bf7      0x3a2 ./Middlewares/Third_Party/FreeRTOS/Source/tasks.o
 .debug_abbrev  0x00002f99      0x328 ./Middlewares/Third_Party/FreeRTOS/Source/timers.o
 .debug_abbrev  0x000032c1      0x1ec ./Middlewares/Third_Party/FreeRTOS/Source/portable/GCC/ARM_CM0/port.o
 .debug_abbrev  0x000034ad      0x1b9 ./Middlewares/Third_Party/FreeRTOS/Source/portable/MemMang/heap_4.o

.debug_aranges  0x00000000     0x1288
 .debug_aranges
                0x00000000       0x50 ./Core/Src/app_freertos.o
 .debug_aranges
                0x00000050       0x20 ./Core/Src/dma.o
 .debug_aranges
                0x00000070       0x20 ./Core/Src/gpio.o
 .debug_aranges
                0x00000090       0x30 ./Core/Src/i2c.o
 .debug_aranges
                0x000000c0       0x30 ./Core/Src/main.o
 .debug_aranges
                0x000000f0       0x88 ./Core/Src/sht41.o
 .debug_aranges
                0x00000178       0x20 ./Core/Src/stm32g0xx_hal_msp.o
 .debug_aranges
                0x00000198       0x48 ./Core/Src/stm32g0xx_it.o
 .debug_aranges
                0x000001e0       0x28 ./Core/Src/system_stm32g0xx.o
 .debug_aranges
                0x00000208       0x28 ./Core/Startup/startup_stm32g0b1cbtx.o
 .debug_aranges
                0x00000230      0x130 ./Drivers/STM32G0xx_HAL_Driver/Src/stm32g0xx_hal.o
 .debug_aranges
                0x00000360       0xe8 ./Drivers/STM32G0xx_HAL_Driver/Src/stm32g0xx_hal_cortex.o
 .debug_aranges
                0x00000448       0x90 ./Drivers/STM32G0xx_HAL_Driver/Src/stm32g0xx_hal_dma.o
 .debug_aranges
                0x000004d8       0x60 ./Drivers/STM32G0xx_HAL_Driver/Src/stm32g0xx_hal_gpio.o
 .debug_aranges
                0x00000538      0x2a0 ./Drivers/STM32G0xx_HAL_Driver/Src/stm32g0xx_hal_i2c.o
 .debug_aranges
                0x000007d8       0x48 ./Drivers/STM32G0xx_HAL_Driver/Src/stm32g0xx_hal_i2c_ex.o
 .debug_aranges
                0x00000820      0x128 ./Drivers/STM32G0xx_HAL_Driver/Src/stm32g0xx_hal_pwr_ex.o
 .debug_aranges
                0x00000948       0xa0 ./Drivers/STM32G0xx_HAL_Driver/Src/stm32g0xx_hal_rcc.o
 .debug_aranges
                0x000009e8       0x88 ./Drivers/STM32G0xx_HAL_Driver/Src/stm32g0xx_hal_rcc_ex.o
 .debug_aranges
                0x00000a70      0x2a8 ./Middlewares/Third_Party/FreeRTOS/Source/CMSIS_RTOS_V2/cmsis_os2.o
 .debug_aranges
                0x00000d18       0x40 ./Middlewares/Third_Party/FreeRTOS/Source/list.o
 .debug_aranges
                0x00000d58      0x158 ./Middlewares/Third_Party/FreeRTOS/Source/queue.o
 .debug_aranges
                0x00000eb0      0x208 ./Middlewares/Third_Party/FreeRTOS/Source/tasks.o
 .debug_aranges
                0x000010b8       0xf0 ./Middlewares/Third_Party/FreeRTOS/Source/timers.o
 .debug_aranges
                0x000011a8       0x88 ./Middlewares/Third_Party/FreeRTOS/Source/portable/GCC/ARM_CM0/port.o
 .debug_aranges
                0x00001230       0x58 ./Middlewares/Third_Party/FreeRTOS/Source/portable/MemMang/heap_4.o

.debug_rnglists
                0x00000000      0xe18
 .debug_rnglists
                0x00000000       0x37 ./Core/Src/app_freertos.o
 .debug_rnglists
                0x00000037       0x13 ./Core/Src/dma.o
 .debug_rnglists
                0x0000004a       0x13 ./Core/Src/gpio.o
 .debug_rnglists
                0x0000005d       0x21 ./Core/Src/i2c.o
 .debug_rnglists
                0x0000007e       0x20 ./Core/Src/main.o
 .debug_rnglists
                0x0000009e       0x66 ./Core/Src/sht41.o
 .debug_rnglists
                0x00000104       0x13 ./Core/Src/stm32g0xx_hal_msp.o
 .debug_rnglists
                0x00000117       0x31 ./Core/Src/stm32g0xx_it.o
 .debug_rnglists
                0x00000148       0x1a ./Core/Src/system_stm32g0xx.o
 .debug_rnglists
                0x00000162       0x19 ./Core/Startup/startup_stm32g0b1cbtx.o
 .debug_rnglists
                0x0000017b       0xe0 ./Drivers/STM32G0xx_HAL_Driver/Src/stm32g0xx_hal.o
 .debug_rnglists
                0x0000025b       0xaa ./Drivers/STM32G0xx_HAL_Driver/Src/stm32g0xx_hal_cortex.o
 .debug_rnglists
                0x00000305       0x72 ./Drivers/STM32G0xx_HAL_Driver/Src/stm32g0xx_hal_dma.o
 .debug_rnglists
                0x00000377       0x45 ./Drivers/STM32G0xx_HAL_Driver/Src/stm32g0xx_hal_gpio.o
 .debug_rnglists
                0x000003bc      0x229 ./Drivers/STM32G0xx_HAL_Driver/Src/stm32g0xx_hal_i2c.o
 .debug_rnglists
                0x000005e5       0x35 ./Drivers/STM32G0xx_HAL_Driver/Src/stm32g0xx_hal_i2c_ex.o
 .debug_rnglists
                0x0000061a       0xe0 ./Drivers/STM32G0xx_HAL_Driver/Src/stm32g0xx_hal_pwr_ex.o
 .debug_rnglists
                0x000006fa       0x79 ./Drivers/STM32G0xx_HAL_Driver/Src/stm32g0xx_hal_rcc.o
 .debug_rnglists
                0x00000773       0x69 ./Drivers/STM32G0xx_HAL_Driver/Src/stm32g0xx_hal_rcc_ex.o
 .debug_rnglists
                0x000007dc      0x20e ./Middlewares/Third_Party/FreeRTOS/Source/CMSIS_RTOS_V2/cmsis_os2.o
 .debug_rnglists
                0x000009ea       0x2b ./Middlewares/Third_Party/FreeRTOS/Source/list.o
 .debug_rnglists
                0x00000a15      0x109 ./Middlewares/Third_Party/FreeRTOS/Source/queue.o
 .debug_rnglists
                0x00000b1e      0x1a0 ./Middlewares/Third_Party/FreeRTOS/Source/tasks.o
 .debug_rnglists
                0x00000cbe       0xb7 ./Middlewares/Third_Party/FreeRTOS/Source/timers.o
 .debug_rnglists
                0x00000d75       0x61 ./Middlewares/Third_Party/FreeRTOS/Source/portable/GCC/ARM_CM0/port.o
 .debug_rnglists
                0x00000dd6       0x42 ./Middlewares/Third_Party/FreeRTOS/Source/portable/MemMang/heap_4.o

.debug_macro    0x00000000    0x1dd1e
 .debug_macro   0x00000000      0x33e ./Core/Src/app_freertos.o
 .debug_macro   0x0000033e      0xab4 ./Core/Src/app_freertos.o
 .debug_macro   0x00000df2      0x190 ./Core/Src/app_freertos.o
 .debug_macro   0x00000f82       0x22 ./Core/Src/app_freertos.o
 .debug_macro   0x00000fa4       0x8e ./Core/Src/app_freertos.o
 .debug_macro   0x00001032       0x51 ./Core/Src/app_freertos.o
 .debug_macro   0x00001083      0x103 ./Core/Src/app_freertos.o
 .debug_macro   0x00001186       0x6a ./Core/Src/app_freertos.o
 .debug_macro   0x000011f0      0x1df ./Core/Src/app_freertos.o
 .debug_macro   0x000013cf      0x147 ./Core/Src/app_freertos.o
 .debug_macro   0x00001516      0x15a ./Core/Src/app_freertos.o
 .debug_macro   0x00001670       0xb2 ./Core/Src/app_freertos.o
 .debug_macro   0x00001722       0x1c ./Core/Src/app_freertos.o
 .debug_macro   0x0000173e       0x26 ./Core/Src/app_freertos.o
 .debug_macro   0x00001764       0x61 ./Core/Src/app_freertos.o
 .debug_macro   0x000017c5       0x24 ./Core/Src/app_freertos.o
 .debug_macro   0x000017e9       0x43 ./Core/Src/app_freertos.o
 .debug_macro   0x0000182c       0x34 ./Core/Src/app_freertos.o
 .debug_macro   0x00001860      0x370 ./Core/Src/app_freertos.o
 .debug_macro   0x00001bd0       0x16 ./Core/Src/app_freertos.o
 .debug_macro   0x00001be6       0x4a ./Core/Src/app_freertos.o
 .debug_macro   0x00001c30       0x34 ./Core/Src/app_freertos.o
 .debug_macro   0x00001c64       0x10 ./Core/Src/app_freertos.o
 .debug_macro   0x00001c74       0x58 ./Core/Src/app_freertos.o
 .debug_macro   0x00001ccc       0x8e ./Core/Src/app_freertos.o
 .debug_macro   0x00001d5a       0x1c ./Core/Src/app_freertos.o
 .debug_macro   0x00001d76      0x185 ./Core/Src/app_freertos.o
 .debug_macro   0x00001efb       0x10 ./Core/Src/app_freertos.o
 .debug_macro   0x00001f0b       0x3c ./Core/Src/app_freertos.o
 .debug_macro   0x00001f47      0x4c6 ./Core/Src/app_freertos.o
 .debug_macro   0x0000240d       0xb5 ./Core/Src/app_freertos.o
 .debug_macro   0x000024c2       0xaa ./Core/Src/app_freertos.o
 .debug_macro   0x0000256c      0x124 ./Core/Src/app_freertos.o
 .debug_macro   0x00002690       0x2e ./Core/Src/app_freertos.o
 .debug_macro   0x000026be       0x28 ./Core/Src/app_freertos.o
 .debug_macro   0x000026e6       0x1c ./Core/Src/app_freertos.o
 .debug_macro   0x00002702       0x22 ./Core/Src/app_freertos.o
 .debug_macro   0x00002724       0xd1 ./Core/Src/app_freertos.o
 .debug_macro   0x000027f5      0x4da ./Core/Src/app_freertos.o
 .debug_macro   0x00002ccf      0x11f ./Core/Src/app_freertos.o
 .debug_macro   0x00002dee     0xf3de ./Core/Src/app_freertos.o
 .debug_macro   0x000121cc       0x66 ./Core/Src/app_freertos.o
 .debug_macro   0x00012232     0x350e ./Core/Src/app_freertos.o
 .debug_macro   0x00015740       0x56 ./Core/Src/app_freertos.o
 .debug_macro   0x00015796      0x72c ./Core/Src/app_freertos.o
 .debug_macro   0x00015ec2     0x1579 ./Core/Src/app_freertos.o
 .debug_macro   0x0001743b      0x535 ./Core/Src/app_freertos.o
 .debug_macro   0x00017970      0x1cf ./Core/Src/app_freertos.o
 .debug_macro   0x00017b3f      0x25b ./Core/Src/app_freertos.o
 .debug_macro   0x00017d9a      0x4f5 ./Core/Src/app_freertos.o
 .debug_macro   0x0001828f      0x280 ./Core/Src/app_freertos.o
 .debug_macro   0x0001850f      0x417 ./Core/Src/app_freertos.o
 .debug_macro   0x00018926      0x1b2 ./Core/Src/app_freertos.o
 .debug_macro   0x00018ad8       0x43 ./Core/Src/app_freertos.o
 .debug_macro   0x00018b1b      0x1f1 ./Core/Src/app_freertos.o
 .debug_macro   0x00018d0c      0x1e4 ./Core/Src/app_freertos.o
 .debug_macro   0x00018ef0      0x3fa ./Core/Src/app_freertos.o
 .debug_macro   0x000192ea       0x28 ./Core/Src/app_freertos.o
 .debug_macro   0x00019312      0x123 ./Core/Src/app_freertos.o
 .debug_macro   0x00019435      0x22c ./Core/Src/app_freertos.o
 .debug_macro   0x00019661       0x67 ./Core/Src/app_freertos.o
 .debug_macro   0x000196c8       0xa5 ./Core/Src/app_freertos.o
 .debug_macro   0x0001976d      0x145 ./Core/Src/app_freertos.o
 .debug_macro   0x000198b2      0x30b ./Core/Src/app_freertos.o
 .debug_macro   0x00019bbd      0x5df ./Core/Src/app_freertos.o
 .debug_macro   0x0001a19c       0x6c ./Core/Src/app_freertos.o
 .debug_macro   0x0001a208       0x74 ./Core/Src/app_freertos.o
 .debug_macro   0x0001a27c       0xdd ./Core/Src/app_freertos.o
 .debug_macro   0x0001a359       0x52 ./Core/Src/app_freertos.o
 .debug_macro   0x0001a3ab       0x22 ./Core/Src/app_freertos.o
 .debug_macro   0x0001a3cd      0x1e4 ./Core/Src/dma.o
 .debug_macro   0x0001a5b1       0x5c ./Core/Src/dma.o
 .debug_macro   0x0001a60d      0x1e4 ./Core/Src/gpio.o
 .debug_macro   0x0001a7f1      0x1e4 ./Core/Src/i2c.o
 .debug_macro   0x0001a9d5      0x33c ./Core/Src/main.o
 .debug_macro   0x0001ad11       0x66 ./Core/Src/main.o
 .debug_macro   0x0001ad77      0x332 ./Core/Src/sht41.o
 .debug_macro   0x0001b0a9       0x10 ./Core/Src/sht41.o
 .debug_macro   0x0001b0b9       0xcb ./Core/Src/sht41.o
 .debug_macro   0x0001b184      0x1da ./Core/Src/stm32g0xx_hal_msp.o
 .debug_macro   0x0001b35e      0x2fc ./Core/Src/stm32g0xx_it.o
 .debug_macro   0x0001b65a      0x1d0 ./Core/Src/system_stm32g0xx.o
 .debug_macro   0x0001b82a      0x1f4 ./Drivers/STM32G0xx_HAL_Driver/Src/stm32g0xx_hal.o
 .debug_macro   0x0001ba1e      0x1d0 ./Drivers/STM32G0xx_HAL_Driver/Src/stm32g0xx_hal_cortex.o
 .debug_macro   0x0001bbee      0x1d0 ./Drivers/STM32G0xx_HAL_Driver/Src/stm32g0xx_hal_dma.o
 .debug_macro   0x0001bdbe      0x1d7 ./Drivers/STM32G0xx_HAL_Driver/Src/stm32g0xx_hal_gpio.o
 .debug_macro   0x0001bf95      0x29c ./Drivers/STM32G0xx_HAL_Driver/Src/stm32g0xx_hal_i2c.o
 .debug_macro   0x0001c231      0x1d0 ./Drivers/STM32G0xx_HAL_Driver/Src/stm32g0xx_hal_i2c_ex.o
 .debug_macro   0x0001c401      0x1fa ./Drivers/STM32G0xx_HAL_Driver/Src/stm32g0xx_hal_pwr_ex.o
 .debug_macro   0x0001c5fb      0x218 ./Drivers/STM32G0xx_HAL_Driver/Src/stm32g0xx_hal_rcc.o
 .debug_macro   0x0001c813      0x1e8 ./Drivers/STM32G0xx_HAL_Driver/Src/stm32g0xx_hal_rcc_ex.o
 .debug_macro   0x0001c9fb      0x3d9 ./Middlewares/Third_Party/FreeRTOS/Source/CMSIS_RTOS_V2/cmsis_os2.o
 .debug_macro   0x0001cdd4       0x10 ./Middlewares/Third_Party/FreeRTOS/Source/CMSIS_RTOS_V2/cmsis_os2.o
 .debug_macro   0x0001cde4       0x20 ./Middlewares/Third_Party/FreeRTOS/Source/CMSIS_RTOS_V2/cmsis_os2.o
 .debug_macro   0x0001ce04       0x16 ./Middlewares/Third_Party/FreeRTOS/Source/CMSIS_RTOS_V2/cmsis_os2.o
 .debug_macro   0x0001ce1a       0x91 ./Middlewares/Third_Party/FreeRTOS/Source/CMSIS_RTOS_V2/cmsis_os2.o
 .debug_macro   0x0001ceab       0x8d ./Middlewares/Third_Party/FreeRTOS/Source/CMSIS_RTOS_V2/cmsis_os2.o
 .debug_macro   0x0001cf38       0x9a ./Middlewares/Third_Party/FreeRTOS/Source/CMSIS_RTOS_V2/cmsis_os2.o
 .debug_macro   0x0001cfd2       0x22 ./Middlewares/Third_Party/FreeRTOS/Source/CMSIS_RTOS_V2/cmsis_os2.o
 .debug_macro   0x0001cff4      0x199 ./Middlewares/Third_Party/FreeRTOS/Source/list.o
 .debug_macro   0x0001d18d      0x228 ./Middlewares/Third_Party/FreeRTOS/Source/queue.o
 .debug_macro   0x0001d3b5       0x16 ./Middlewares/Third_Party/FreeRTOS/Source/queue.o
 .debug_macro   0x0001d3cb       0x87 ./Middlewares/Third_Party/FreeRTOS/Source/queue.o
 .debug_macro   0x0001d452      0x291 ./Middlewares/Third_Party/FreeRTOS/Source/tasks.o
 .debug_macro   0x0001d6e3       0x10 ./Middlewares/Third_Party/FreeRTOS/Source/tasks.o
 .debug_macro   0x0001d6f3      0x1ee ./Middlewares/Third_Party/FreeRTOS/Source/timers.o
 .debug_macro   0x0001d8e1       0x97 ./Middlewares/Third_Party/FreeRTOS/Source/timers.o
 .debug_macro   0x0001d978      0x1e6 ./Middlewares/Third_Party/FreeRTOS/Source/portable/GCC/ARM_CM0/port.o
 .debug_macro   0x0001db5e      0x1c0 ./Middlewares/Third_Party/FreeRTOS/Source/portable/MemMang/heap_4.o

.debug_line     0x00000000    0x16c56
 .debug_line    0x00000000      0xaf5 ./Core/Src/app_freertos.o
 .debug_line    0x00000af5      0x758 ./Core/Src/dma.o
 .debug_line    0x0000124d      0x756 ./Core/Src/gpio.o
 .debug_line    0x000019a3      0x852 ./Core/Src/i2c.o
 .debug_line    0x000021f5      0xa79 ./Core/Src/main.o
 .debug_line    0x00002c6e      0xcd5 ./Core/Src/sht41.o
 .debug_line    0x00003943      0x75c ./Core/Src/stm32g0xx_hal_msp.o
 .debug_line    0x0000409f      0xa37 ./Core/Src/stm32g0xx_it.o
 .debug_line    0x00004ad6      0x7cd ./Core/Src/system_stm32g0xx.o
 .debug_line    0x000052a3       0x7b ./Core/Startup/startup_stm32g0b1cbtx.o
 .debug_line    0x0000531e      0xb43 ./Drivers/STM32G0xx_HAL_Driver/Src/stm32g0xx_hal.o
 .debug_line    0x00005e61      0xba8 ./Drivers/STM32G0xx_HAL_Driver/Src/stm32g0xx_hal_cortex.o
 .debug_line    0x00006a09      0xe85 ./Drivers/STM32G0xx_HAL_Driver/Src/stm32g0xx_hal_dma.o
 .debug_line    0x0000788e      0xb78 ./Drivers/STM32G0xx_HAL_Driver/Src/stm32g0xx_hal_gpio.o
 .debug_line    0x00008406     0x3723 ./Drivers/STM32G0xx_HAL_Driver/Src/stm32g0xx_hal_i2c.o
 .debug_line    0x0000bb29      0x8c0 ./Drivers/STM32G0xx_HAL_Driver/Src/stm32g0xx_hal_i2c_ex.o
 .debug_line    0x0000c3e9      0xbf4 ./Drivers/STM32G0xx_HAL_Driver/Src/stm32g0xx_hal_pwr_ex.o
 .debug_line    0x0000cfdd     0x104d ./Drivers/STM32G0xx_HAL_Driver/Src/stm32g0xx_hal_rcc.o
 .debug_line    0x0000e02a     0x11f0 ./Drivers/STM32G0xx_HAL_Driver/Src/stm32g0xx_hal_rcc_ex.o
 .debug_line    0x0000f21a     0x24cc ./Middlewares/Third_Party/FreeRTOS/Source/CMSIS_RTOS_V2/cmsis_os2.o
 .debug_line    0x000116e6      0x79b ./Middlewares/Third_Party/FreeRTOS/Source/list.o
 .debug_line    0x00011e81     0x14bf ./Middlewares/Third_Party/FreeRTOS/Source/queue.o
 .debug_line    0x00013340     0x1a40 ./Middlewares/Third_Party/FreeRTOS/Source/tasks.o
 .debug_line    0x00014d80      0xd16 ./Middlewares/Third_Party/FreeRTOS/Source/timers.o
 .debug_line    0x00015a96      0x83e ./Middlewares/Third_Party/FreeRTOS/Source/portable/GCC/ARM_CM0/port.o
 .debug_line    0x000162d4      0x982 ./Middlewares/Third_Party/FreeRTOS/Source/portable/MemMang/heap_4.o

.debug_str      0x00000000    0xb7b7b
 .debug_str     0x00000000    0xb7b7b ./Core/Src/app_freertos.o
                              0xaf85a (size before relaxing)
 .debug_str     0x000b7b7b        0x0 ./Core/Src/dma.o
                              0xa7365 (size before relaxing)
 .debug_str     0x000b7b7b        0x0 ./Core/Src/gpio.o
                              0xa7103 (size before relaxing)
 .debug_str     0x000b7b7b        0x0 ./Core/Src/i2c.o
                              0xa7c25 (size before relaxing)
 .debug_str     0x000b7b7b        0x0 ./Core/Src/main.o
                              0xaebcc (size before relaxing)
 .debug_str     0x000b7b7b        0x0 ./Core/Src/sht41.o
                              0xaf30c (size before relaxing)
 .debug_str     0x000b7b7b        0x0 ./Core/Src/stm32g0xx_hal_msp.o
                              0xa7376 (size before relaxing)
 .debug_str     0x000b7b7b        0x0 ./Core/Src/stm32g0xx_it.o
                              0xae459 (size before relaxing)
 .debug_str     0x000b7b7b        0x0 ./Core/Src/system_stm32g0xx.o
                              0xa7154 (size before relaxing)
 .debug_str     0x000b7b7b        0x0 ./Core/Startup/startup_stm32g0b1cbtx.o
                                 0x6e (size before relaxing)
 .debug_str     0x000b7b7b        0x0 ./Drivers/STM32G0xx_HAL_Driver/Src/stm32g0xx_hal.o
                              0xa7a2d (size before relaxing)
 .debug_str     0x000b7b7b        0x0 ./Drivers/STM32G0xx_HAL_Driver/Src/stm32g0xx_hal_cortex.o
                              0xa7665 (size before relaxing)
 .debug_str     0x000b7b7b        0x0 ./Drivers/STM32G0xx_HAL_Driver/Src/stm32g0xx_hal_dma.o
                              0xa7604 (size before relaxing)
 .debug_str     0x000b7b7b        0x0 ./Drivers/STM32G0xx_HAL_Driver/Src/stm32g0xx_hal_gpio.o
                              0xa72b7 (size before relaxing)
 .debug_str     0x000b7b7b        0x0 ./Drivers/STM32G0xx_HAL_Driver/Src/stm32g0xx_hal_i2c.o
                              0xa853e (size before relaxing)
 .debug_str     0x000b7b7b        0x0 ./Drivers/STM32G0xx_HAL_Driver/Src/stm32g0xx_hal_i2c_ex.o
                              0xa77bd (size before relaxing)
 .debug_str     0x000b7b7b        0x0 ./Drivers/STM32G0xx_HAL_Driver/Src/stm32g0xx_hal_pwr_ex.o
                              0xa76d6 (size before relaxing)
 .debug_str     0x000b7b7b        0x0 ./Drivers/STM32G0xx_HAL_Driver/Src/stm32g0xx_hal_rcc.o
                              0xa7920 (size before relaxing)
 .debug_str     0x000b7b7b        0x0 ./Drivers/STM32G0xx_HAL_Driver/Src/stm32g0xx_hal_rcc_ex.o
                              0xa77b0 (size before relaxing)
 .debug_str     0x000b7b7b        0x0 ./Middlewares/Third_Party/FreeRTOS/Source/CMSIS_RTOS_V2/cmsis_os2.o
                              0xb1ca8 (size before relaxing)
 .debug_str     0x000b7b7b        0x0 ./Middlewares/Third_Party/FreeRTOS/Source/list.o
                               0xa963 (size before relaxing)
 .debug_str     0x000b7b7b        0x0 ./Middlewares/Third_Party/FreeRTOS/Source/queue.o
                               0xc461 (size before relaxing)
 .debug_str     0x000b7b7b        0x0 ./Middlewares/Third_Party/FreeRTOS/Source/tasks.o
                               0xd266 (size before relaxing)
 .debug_str     0x000b7b7b        0x0 ./Middlewares/Third_Party/FreeRTOS/Source/timers.o
                               0xcce0 (size before relaxing)
 .debug_str     0x000b7b7b        0x0 ./Middlewares/Third_Party/FreeRTOS/Source/portable/GCC/ARM_CM0/port.o
                               0xb291 (size before relaxing)
 .debug_str     0x000b7b7b        0x0 ./Middlewares/Third_Party/FreeRTOS/Source/portable/MemMang/heap_4.o
                               0xb286 (size before relaxing)

.comment        0x00000000       0x43
 .comment       0x00000000       0x43 ./Core/Src/app_freertos.o
                                 0x44 (size before relaxing)
 .comment       0x00000043        0x0 ./Core/Src/dma.o
                                 0x44 (size before relaxing)
 .comment       0x00000043        0x0 ./Core/Src/gpio.o
                                 0x44 (size before relaxing)
 .comment       0x00000043        0x0 ./Core/Src/i2c.o
                                 0x44 (size before relaxing)
 .comment       0x00000043        0x0 ./Core/Src/main.o
                                 0x44 (size before relaxing)
 .comment       0x00000043        0x0 ./Core/Src/sht41.o
                                 0x44 (size before relaxing)
 .comment       0x00000043        0x0 ./Core/Src/stm32g0xx_hal_msp.o
                                 0x44 (size before relaxing)
 .comment       0x00000043        0x0 ./Core/Src/stm32g0xx_it.o
                                 0x44 (size before relaxing)
 .comment       0x00000043        0x0 ./Core/Src/system_stm32g0xx.o
                                 0x44 (size before relaxing)
 .comment       0x00000043        0x0 ./Drivers/STM32G0xx_HAL_Driver/Src/stm32g0xx_hal.o
                                 0x44 (size before relaxing)
 .comment       0x00000043        0x0 ./Drivers/STM32G0xx_HAL_Driver/Src/stm32g0xx_hal_cortex.o
                                 0x44 (size before relaxing)
 .comment       0x00000043        0x0 ./Drivers/STM32G0xx_HAL_Driver/Src/stm32g0xx_hal_dma.o